23:00:19 **** Incremental Build of configuration Debug for project Light_Traffic_FSM_Scheduler ****
make -j8 all 
arm-none-eabi-gcc "../Core/Src/fsm_setting.c" -mcpu=cortex-m3 -std=gnu11 -g3 -DDEBUG -DUSE_HAL_DRIVER -DSTM32F101xB -c -I../Core/Inc -I../Drivers/STM32F1xx_HAL_Driver/Inc/Legacy -I../Drivers/STM32F1xx_HAL_Driver/Inc -I../Drivers/CMSIS/Device/ST/STM32F1xx/Include -I../Drivers/CMSIS/Include -O0 -ffunction-sections -fdata-sections -Wall -fstack-usage -fcyclomatic-complexity -MMD -MP -MF"Core/Src/fsm_setting.d" -MT"Core/Src/fsm_setting.o" --specs=nano.specs -mfloat-abi=soft -mthumb -o "Core/Src/fsm_setting.o"
arm-none-eabi-gcc -o "Light_Traffic_FSM_Scheduler.elf" @"objects.list"   -mcpu=cortex-m3 -T"D:\ST\STM32CubeIDE_1.18.1\workspace\HCMUT_LAB\LAB4_HCMUT\Light_Traffic_FSM_Scheduler\STM32F101C8TX_FLASH.ld" --specs=nosys.specs -Wl,-Map="Light_Traffic_FSM_Scheduler.map" -Wl,--gc-sections -static --specs=nano.specs -mfloat-abi=soft -mthumb -Wl,--start-group -lc -lm -Wl,--end-group
Finished building target: Light_Traffic_FSM_Scheduler.elf
 
arm-none-eabi-size  Light_Traffic_FSM_Scheduler.elf 
arm-none-eabi-objdump -h -S Light_Traffic_FSM_Scheduler.elf  > "Light_Traffic_FSM_Scheduler.list"
arm-none-eabi-objcopy  -O ihex Light_Traffic_FSM_Scheduler.elf  "Light_Traffic_FSM_Scheduler.hex"
   text	   data	    bss	    dec	    hex	filename
  11336	     76	   2484	  13896	   3648	Light_Traffic_FSM_Scheduler.elf
Finished building: default.size.stdout
 
Finished building: Light_Traffic_FSM_Scheduler.hex
 
Finished building: Light_Traffic_FSM_Scheduler.list
 

23:00:21 Build Finished. 0 errors, 0 warnings. (took 2s.417ms)

