../Core/Src/main.c:103:6:HAL_UART_RxCpltCallback	16	static
../Core/Src/main.c:112:6:uart_communication_fsm	8	static
../Core/Src/main.c:168:6:command_parser_fsm	16	static
../Core/Src/main.c:214:5:main	8	static
../Core/Src/main.c:269:6:SystemClock_Config	88	static
../Core/Src/main.c:313:13:MX_ADC1_Init	24	static
../Core/Src/main.c:360:13:MX_TIM2_Init	32	static
../Core/Src/main.c:405:13:MX_USART2_UART_Init	8	static
../Core/Src/main.c:438:13:MX_GPIO_Init	32	static
../Core/Src/main.c:464:6:HAL_TIM_PeriodElapsedCallback	16	static
../Core/Src/main.c:474:6:Error_Handler	4	static,ignoring_inline_asm
