23:48:01 **** Incremental Build of configuration Debug for project Light_Traffic_FSM ****
make -j8 all 
arm-none-eabi-gcc "../Core/Src/fsm_automatic.c" -mcpu=cortex-m3 -std=gnu11 -g3 -DDEBUG -DUSE_HAL_DRIVER -DSTM32F103xB -c -I../Core/Inc -I../Drivers/STM32F1xx_HAL_Driver/Inc/Legacy -I../Drivers/STM32F1xx_HAL_Driver/Inc -I../Drivers/CMSIS/Device/ST/STM32F1xx/Include -I../Drivers/CMSIS/Include -O0 -ffunction-sections -fdata-sections -Wall -fstack-usage -fcyclomatic-complexity -MMD -MP -MF"Core/Src/fsm_automatic.d" -MT"Core/Src/fsm_automatic.o" --specs=nano.specs -mfloat-abi=soft -mthumb -o "Core/Src/fsm_automatic.o"
arm-none-eabi-gcc -o "Light_Traffic_FSM.elf" @"objects.list"   -mcpu=cortex-m3 -T"D:\ST\STM32CubeIDE_1.18.1\workspace\HCMUT_LAB\LAB3_HCMUT\Light_Traffic_FSM\STM32F103C8TX_FLASH.ld" --specs=nosys.specs -Wl,-Map="Light_Traffic_FSM.map" -Wl,--gc-sections -static --specs=nano.specs -mfloat-abi=soft -mthumb -Wl,--start-group -lc -lm -Wl,--end-group
Finished building target: Light_Traffic_FSM.elf
 
arm-none-eabi-size  Light_Traffic_FSM.elf 
arm-none-eabi-objdump -h -S Light_Traffic_FSM.elf  > "Light_Traffic_FSM.list"
arm-none-eabi-objcopy  -O ihex Light_Traffic_FSM.elf  "Light_Traffic_FSM.hex"
   text	   data	    bss	    dec	    hex	filename
  11104	     72	   1776	  12952	   3298	Light_Traffic_FSM.elf
Finished building: default.size.stdout
 
Finished building: Light_Traffic_FSM.hex
 
Finished building: Light_Traffic_FSM.list
 

23:48:01 Build Finished. 0 errors, 0 warnings. (took 654ms)

