10:46:28 **** Incremental Build of configuration Debug for project Digital_Clock ****
make -j8 all 
arm-none-eabi-gcc "../Core/Src/main.c" -mcpu=cortex-m3 -std=gnu11 -g3 -DDEBUG -DUSE_HAL_DRIVER -DSTM32F103xB -c -I../Core/Inc -I../Drivers/STM32F1xx_HAL_Driver/Inc/Legacy -I../Drivers/STM32F1xx_HAL_Driver/Inc -I../Drivers/CMSIS/Device/ST/STM32F1xx/Include -I../Drivers/CMSIS/Include -O0 -ffunction-sections -fdata-sections -Wall -fstack-usage -fcyclomatic-complexity -MMD -MP -MF"Core/Src/main.d" -MT"Core/Src/main.o" --specs=nano.specs -mfloat-abi=soft -mthumb -o "Core/Src/main.o"
arm-none-eabi-gcc "../Core/Src/software_timer.c" -mcpu=cortex-m3 -std=gnu11 -g3 -DDEBUG -DUSE_HAL_DRIVER -DSTM32F103xB -c -I../Core/Inc -I../Drivers/STM32F1xx_HAL_Driver/Inc/Legacy -I../Drivers/STM32F1xx_HAL_Driver/Inc -I../Drivers/CMSIS/Device/ST/STM32F1xx/Include -I../Drivers/CMSIS/Include -O0 -ffunction-sections -fdata-sections -Wall -fstack-usage -fcyclomatic-complexity -MMD -MP -MF"Core/Src/software_timer.d" -MT"Core/Src/software_timer.o" --specs=nano.specs -mfloat-abi=soft -mthumb -o "Core/Src/software_timer.o"
arm-none-eabi-gcc -o "Digital_Clock.elf" @"objects.list"   -mcpu=cortex-m3 -T"D:\ST\STM32CubeIDE_1.18.1\workspace\HCMUT_LAB\LAB2_HCMUT\Digital_Clock\STM32F103C8TX_FLASH.ld" --specs=nosys.specs -Wl,-Map="Digital_Clock.map" -Wl,--gc-sections -static --specs=nano.specs -mfloat-abi=soft -mthumb -Wl,--start-group -lc -lm -Wl,--end-group
Finished building target: Digital_Clock.elf
 
arm-none-eabi-size  Digital_Clock.elf 
arm-none-eabi-objdump -h -S Digital_Clock.elf  > "Digital_Clock.list"
arm-none-eabi-objcopy  -O ihex Digital_Clock.elf  "Digital_Clock.hex"
   text	   data	    bss	    dec	    hex	filename
   9232	     40	   1696	  10968	   2ad8	Digital_Clock.elf
Finished building: default.size.stdout
 
Finished building: Digital_Clock.hex
 
Finished building: Digital_Clock.list
 

10:46:29 Build Finished. 0 errors, 0 warnings. (took 792ms)

