../Core/Src/light_control.c:3:6:blink_red	8	static
../Core/Src/light_control.c:8:6:blink_yellow	8	static
../Core/Src/light_control.c:13:6:blink_green	8	static
../Core/Src/light_control.c:18:6:clear_all_light	8	static
../Core/Src/light_control.c:27:6:red_light_X	8	static
../Core/Src/light_control.c:33:6:red_light_Y	8	static
../Core/Src/light_control.c:39:6:yellow_light_X	8	static
../Core/Src/light_control.c:45:6:yellow_light_Y	8	static
../Core/Src/light_control.c:51:6:green_light_X	8	static
../Core/Src/light_control.c:57:6:green_light_Y	8	static
