Archive member included to satisfy reference by file (symbol)

D:/ST/STM32CubeIDE_1.18.1/STM32CubeIDE/plugins/com.st.stm32cube.ide.mcu.externaltools.gnu-tools-for-stm32.13.3.rel1.win32_1.0.0.202411081344/tools/bin/../lib/gcc/arm-none-eabi/13.3.1/../../../../arm-none-eabi/lib/thumb/v7-m/nofp\libc_nano.a(libc_a-exit.o)
                              D:/ST/STM32CubeIDE_1.18.1/STM32CubeIDE/plugins/com.st.stm32cube.ide.mcu.externaltools.gnu-tools-for-stm32.13.3.rel1.win32_1.0.0.202411081344/tools/bin/../lib/gcc/arm-none-eabi/13.3.1/../../../../arm-none-eabi/lib/thumb/v7-m/nofp/crt0.o (exit)
D:/ST/STM32CubeIDE_1.18.1/STM32CubeIDE/plugins/com.st.stm32cube.ide.mcu.externaltools.gnu-tools-for-stm32.13.3.rel1.win32_1.0.0.202411081344/tools/bin/../lib/gcc/arm-none-eabi/13.3.1/../../../../arm-none-eabi/lib/thumb/v7-m/nofp\libc_nano.a(libc_a-findfp.o)
                              D:/ST/STM32CubeIDE_1.18.1/STM32CubeIDE/plugins/com.st.stm32cube.ide.mcu.externaltools.gnu-tools-for-stm32.13.3.rel1.win32_1.0.0.202411081344/tools/bin/../lib/gcc/arm-none-eabi/13.3.1/../../../../arm-none-eabi/lib/thumb/v7-m/nofp\libc_nano.a(libc_a-exit.o) (__stdio_exit_handler)
D:/ST/STM32CubeIDE_1.18.1/STM32CubeIDE/plugins/com.st.stm32cube.ide.mcu.externaltools.gnu-tools-for-stm32.13.3.rel1.win32_1.0.0.202411081344/tools/bin/../lib/gcc/arm-none-eabi/13.3.1/../../../../arm-none-eabi/lib/thumb/v7-m/nofp\libc_nano.a(libc_a-fwalk.o)
                              D:/ST/STM32CubeIDE_1.18.1/STM32CubeIDE/plugins/com.st.stm32cube.ide.mcu.externaltools.gnu-tools-for-stm32.13.3.rel1.win32_1.0.0.202411081344/tools/bin/../lib/gcc/arm-none-eabi/13.3.1/../../../../arm-none-eabi/lib/thumb/v7-m/nofp\libc_nano.a(libc_a-findfp.o) (_fwalk_sglue)
D:/ST/STM32CubeIDE_1.18.1/STM32CubeIDE/plugins/com.st.stm32cube.ide.mcu.externaltools.gnu-tools-for-stm32.13.3.rel1.win32_1.0.0.202411081344/tools/bin/../lib/gcc/arm-none-eabi/13.3.1/../../../../arm-none-eabi/lib/thumb/v7-m/nofp\libc_nano.a(libc_a-stdio.o)
                              D:/ST/STM32CubeIDE_1.18.1/STM32CubeIDE/plugins/com.st.stm32cube.ide.mcu.externaltools.gnu-tools-for-stm32.13.3.rel1.win32_1.0.0.202411081344/tools/bin/../lib/gcc/arm-none-eabi/13.3.1/../../../../arm-none-eabi/lib/thumb/v7-m/nofp\libc_nano.a(libc_a-findfp.o) (__sread)
D:/ST/STM32CubeIDE_1.18.1/STM32CubeIDE/plugins/com.st.stm32cube.ide.mcu.externaltools.gnu-tools-for-stm32.13.3.rel1.win32_1.0.0.202411081344/tools/bin/../lib/gcc/arm-none-eabi/13.3.1/../../../../arm-none-eabi/lib/thumb/v7-m/nofp\libc_nano.a(libc_a-memset.o)
                              D:/ST/STM32CubeIDE_1.18.1/STM32CubeIDE/plugins/com.st.stm32cube.ide.mcu.externaltools.gnu-tools-for-stm32.13.3.rel1.win32_1.0.0.202411081344/tools/bin/../lib/gcc/arm-none-eabi/13.3.1/../../../../arm-none-eabi/lib/thumb/v7-m/nofp/crt0.o (memset)
D:/ST/STM32CubeIDE_1.18.1/STM32CubeIDE/plugins/com.st.stm32cube.ide.mcu.externaltools.gnu-tools-for-stm32.13.3.rel1.win32_1.0.0.202411081344/tools/bin/../lib/gcc/arm-none-eabi/13.3.1/../../../../arm-none-eabi/lib/thumb/v7-m/nofp\libc_nano.a(libc_a-closer.o)
                              D:/ST/STM32CubeIDE_1.18.1/STM32CubeIDE/plugins/com.st.stm32cube.ide.mcu.externaltools.gnu-tools-for-stm32.13.3.rel1.win32_1.0.0.202411081344/tools/bin/../lib/gcc/arm-none-eabi/13.3.1/../../../../arm-none-eabi/lib/thumb/v7-m/nofp\libc_nano.a(libc_a-stdio.o) (_close_r)
D:/ST/STM32CubeIDE_1.18.1/STM32CubeIDE/plugins/com.st.stm32cube.ide.mcu.externaltools.gnu-tools-for-stm32.13.3.rel1.win32_1.0.0.202411081344/tools/bin/../lib/gcc/arm-none-eabi/13.3.1/../../../../arm-none-eabi/lib/thumb/v7-m/nofp\libc_nano.a(libc_a-reent.o)
                              D:/ST/STM32CubeIDE_1.18.1/STM32CubeIDE/plugins/com.st.stm32cube.ide.mcu.externaltools.gnu-tools-for-stm32.13.3.rel1.win32_1.0.0.202411081344/tools/bin/../lib/gcc/arm-none-eabi/13.3.1/../../../../arm-none-eabi/lib/thumb/v7-m/nofp\libc_nano.a(libc_a-closer.o) (errno)
D:/ST/STM32CubeIDE_1.18.1/STM32CubeIDE/plugins/com.st.stm32cube.ide.mcu.externaltools.gnu-tools-for-stm32.13.3.rel1.win32_1.0.0.202411081344/tools/bin/../lib/gcc/arm-none-eabi/13.3.1/../../../../arm-none-eabi/lib/thumb/v7-m/nofp\libc_nano.a(libc_a-impure.o)
                              D:/ST/STM32CubeIDE_1.18.1/STM32CubeIDE/plugins/com.st.stm32cube.ide.mcu.externaltools.gnu-tools-for-stm32.13.3.rel1.win32_1.0.0.202411081344/tools/bin/../lib/gcc/arm-none-eabi/13.3.1/../../../../arm-none-eabi/lib/thumb/v7-m/nofp\libc_nano.a(libc_a-reent.o) (_impure_ptr)
D:/ST/STM32CubeIDE_1.18.1/STM32CubeIDE/plugins/com.st.stm32cube.ide.mcu.externaltools.gnu-tools-for-stm32.13.3.rel1.win32_1.0.0.202411081344/tools/bin/../lib/gcc/arm-none-eabi/13.3.1/../../../../arm-none-eabi/lib/thumb/v7-m/nofp\libc_nano.a(libc_a-lseekr.o)
[...]
Memory Configuration

Name             Origin             Length             Attributes
RAM              0x20000000         0x00002800         xrw
FLASH            0x08000000         0x00010000         xr
*default*        0x00000000         0xffffffff

Linker script and memory map

LOAD D:/ST/STM32CubeIDE_1.18.1/STM32CubeIDE/plugins/com.st.stm32cube.ide.mcu.externaltools.gnu-tools-for-stm32.13.3.rel1.win32_1.0.0.202411081344/tools/bin/../lib/gcc/arm-none-eabi/13.3.1/thumb/v7-m/nofp/crti.o
LOAD D:/ST/STM32CubeIDE_1.18.1/STM32CubeIDE/plugins/com.st.stm32cube.ide.mcu.externaltools.gnu-tools-for-stm32.13.3.rel1.win32_1.0.0.202411081344/tools/bin/../lib/gcc/arm-none-eabi/13.3.1/thumb/v7-m/nofp/crtbegin.o
LOAD D:/ST/STM32CubeIDE_1.18.1/STM32CubeIDE/plugins/com.st.stm32cube.ide.mcu.externaltools.gnu-tools-for-stm32.13.3.rel1.win32_1.0.0.202411081344/tools/bin/../lib/gcc/arm-none-eabi/13.3.1/../../../../arm-none-eabi/lib/thumb/v7-m/nofp/crt0.o
LOAD ./Core/Src/display7SEG.o
LOAD ./Core/Src/fsm_automatic.o
LOAD ./Core/Src/fsm_manual.o
LOAD ./Core/Src/fsm_setting.o
LOAD ./Core/Src/global.o
LOAD ./Core/Src/input_reading.o
LOAD ./Core/Src/led_blinking.o
LOAD ./Core/Src/light_control.o
LOAD ./Core/Src/main.o
LOAD ./Core/Src/scheduler.o
LOAD ./Core/Src/stm32f1xx_hal_msp.o
LOAD ./Core/Src/stm32f1xx_it.o
LOAD ./Core/Src/syscalls.o
LOAD ./Core/Src/sysmem.o
LOAD ./Core/Src/system_stm32f1xx.o
LOAD ./Core/Src/timer.o
LOAD ./Core/Src/unittest.o
LOAD ./Core/Startup/startup_stm32f101c8tx.o
LOAD ./Drivers/STM32F1xx_HAL_Driver/Src/stm32f1xx_hal.o
LOAD ./Drivers/STM32F1xx_HAL_Driver/Src/stm32f1xx_hal_cortex.o
LOAD ./Drivers/STM32F1xx_HAL_Driver/Src/stm32f1xx_hal_dma.o
LOAD ./Drivers/STM32F1xx_HAL_Driver/Src/stm32f1xx_hal_exti.o
LOAD ./Drivers/STM32F1xx_HAL_Driver/Src/stm32f1xx_hal_flash.o
LOAD ./Drivers/STM32F1xx_HAL_Driver/Src/stm32f1xx_hal_flash_ex.o
LOAD ./Drivers/STM32F1xx_HAL_Driver/Src/stm32f1xx_hal_gpio.o
LOAD ./Drivers/STM32F1xx_HAL_Driver/Src/stm32f1xx_hal_gpio_ex.o
LOAD ./Drivers/STM32F1xx_HAL_Driver/Src/stm32f1xx_hal_pwr.o
LOAD ./Drivers/STM32F1xx_HAL_Driver/Src/stm32f1xx_hal_rcc.o
LOAD ./Drivers/STM32F1xx_HAL_Driver/Src/stm32f1xx_hal_rcc_ex.o
LOAD ./Drivers/STM32F1xx_HAL_Driver/Src/stm32f1xx_hal_tim.o
LOAD ./Drivers/STM32F1xx_HAL_Driver/Src/stm32f1xx_hal_tim_ex.o
START GROUP
LOAD D:/ST/STM32CubeIDE_1.18.1/STM32CubeIDE/plugins/com.st.stm32cube.ide.mcu.externaltools.gnu-tools-for-stm32.13.3.rel1.win32_1.0.0.202411081344/tools/bin/../lib/gcc/arm-none-eabi/13.3.1/../../../../arm-none-eabi/lib/thumb/v7-m/nofp\libc_nano.a
LOAD D:/ST/STM32CubeIDE_1.18.1/STM32CubeIDE/plugins/com.st.stm32cube.ide.mcu.externaltools.gnu-tools-for-stm32.13.3.rel1.win32_1.0.0.202411081344/tools/bin/../lib/gcc/arm-none-eabi/13.3.1/../../../../arm-none-eabi/lib/thumb/v7-m/nofp\libm.a
END GROUP
START GROUP
LOAD D:/ST/STM32CubeIDE_1.18.1/STM32CubeIDE/plugins/com.st.stm32cube.ide.mcu.externaltools.gnu-tools-for-stm32.13.3.rel1.win32_1.0.0.202411081344/tools/bin/../lib/gcc/arm-none-eabi/13.3.1/thumb/v7-m/nofp\libgcc.a
LOAD D:/ST/STM32CubeIDE_1.18.1/STM32CubeIDE/plugins/com.st.stm32cube.ide.mcu.externaltools.gnu-tools-for-stm32.13.3.rel1.win32_1.0.0.202411081344/tools/bin/../lib/gcc/arm-none-eabi/13.3.1/../../../../arm-none-eabi/lib/thumb/v7-m/nofp\libc_nano.a
END GROUP
START GROUP
LOAD D:/ST/STM32CubeIDE_1.18.1/STM32CubeIDE/plugins/com.st.stm32cube.ide.mcu.externaltools.gnu-tools-for-stm32.13.3.rel1.win32_1.0.0.202411081344/tools/bin/../lib/gcc/arm-none-eabi/13.3.1/thumb/v7-m/nofp\libgcc.a
LOAD D:/ST/STM32CubeIDE_1.18.1/STM32CubeIDE/plugins/com.st.stm32cube.ide.mcu.externaltools.gnu-tools-for-stm32.13.3.rel1.win32_1.0.0.202411081344/tools/bin/../lib/gcc/arm-none-eabi/13.3.1/../../../../arm-none-eabi/lib/thumb/v7-m/nofp\libc_nano.a
LOAD D:/ST/STM32CubeIDE_1.18.1/STM32CubeIDE/plugins/com.st.stm32cube.ide.mcu.externaltools.gnu-tools-for-stm32.13.3.rel1.win32_1.0.0.202411081344/tools/bin/../lib/gcc/arm-none-eabi/13.3.1/../../../../arm-none-eabi/lib/thumb/v7-m/nofp\libnosys.a
END GROUP
START GROUP
LOAD D:/ST/STM32CubeIDE_1.18.1/STM32CubeIDE/plugins/com.st.stm32cube.ide.mcu.externaltools.gnu-tools-for-stm32.13.3.rel1.win32_1.0.0.202411081344/tools/bin/../lib/gcc/arm-none-eabi/13.3.1/thumb/v7-m/nofp\libgcc.a
LOAD D:/ST/STM32CubeIDE_1.18.1/STM32CubeIDE/plugins/com.st.stm32cube.ide.mcu.externaltools.gnu-tools-for-stm32.13.3.rel1.win32_1.0.0.202411081344/tools/bin/../lib/gcc/arm-none-eabi/13.3.1/../../../../arm-none-eabi/lib/thumb/v7-m/nofp\libc_nano.a
LOAD D:/ST/STM32CubeIDE_1.18.1/STM32CubeIDE/plugins/com.st.stm32cube.ide.mcu.externaltools.gnu-tools-for-stm32.13.3.rel1.win32_1.0.0.202411081344/tools/bin/../lib/gcc/arm-none-eabi/13.3.1/../../../../arm-none-eabi/lib/thumb/v7-m/nofp\libnosys.a
END GROUP
LOAD D:/ST/STM32CubeIDE_1.18.1/STM32CubeIDE/plugins/com.st.stm32cube.ide.mcu.externaltools.gnu-tools-for-stm32.13.3.rel1.win32_1.0.0.202411081344/tools/bin/../lib/gcc/arm-none-eabi/13.3.1/thumb/v7-m/nofp/crtend.o
LOAD D:/ST/STM32CubeIDE_1.18.1/STM32CubeIDE/plugins/com.st.stm32cube.ide.mcu.externaltools.gnu-tools-for-stm32.13.3.rel1.win32_1.0.0.202411081344/tools/bin/../lib/gcc/arm-none-eabi/13.3.1/thumb/v7-m/nofp/crtn.o
                0x20002800                        _estack = (ORIGIN (RAM) + LENGTH (RAM))
                0x00000200                        _Min_Heap_Size = 0x200
                0x00000400                        _Min_Stack_Size = 0x400

.isr_vector     0x08000000      0x10c
                0x08000000                        . = ALIGN (0x4)
 *(.isr_vector)
 .isr_vector    0x08000000      0x10c ./Core/Startup/startup_stm32f101c8tx.o
                0x08000000                g_pfnVectors
                0x0800010c                        . = ALIGN (0x4)

.text           0x0800010c     0x2b10
                0x0800010c                        . = ALIGN (0x4)
 *(.text)
 .text          0x0800010c       0x40 D:/ST/STM32CubeIDE_1.18.1/STM32CubeIDE/plugins/com.st.stm32cube.ide.mcu.externaltools.gnu-tools-for-stm32.13.3.rel1.win32_1.0.0.202411081344/tools/bin/../lib/gcc/arm-none-eabi/13.3.1/thumb/v7-m/nofp/crtbegin.o
 *(.text*)
 .text.display7SEG
                0x0800014c      0x320 ./Core/Src/display7SEG.o
                0x0800014c                display7SEG
 .text.clearAll
                0x0800046c       0x3c ./Core/Src/display7SEG.o
                0x0800046c                clearAll
 .text.turnOn_0
                0x080004a8       0x3c ./Core/Src/display7SEG.o
                0x080004a8                turnOn_0
 .text.turnOn_1
                0x080004e4       0x3c ./Core/Src/display7SEG.o
                0x080004e4                turnOn_1
 .text.turnOn_2
                0x08000520       0x3c ./Core/Src/display7SEG.o
                0x08000520                turnOn_2
 .text.turnOn_3
                0x0800055c       0x3c ./Core/Src/display7SEG.o
                0x0800055c                turnOn_3
 .text.display7SEG_H
                0x08000598       0x68 ./Core/Src/display7SEG.o
                0x08000598                display7SEG_H
 .text.display7SEG_V
                0x08000600       0x68 ./Core/Src/display7SEG.o
                0x08000600                display7SEG_V
 .text.count_second_by_timer7SEG_auto
                0x08000668       0x44 ./Core/Src/fsm_automatic.o
                0x08000668                count_second_by_timer7SEG_auto
 .text.fsm_automatic_run
                0x080006ac      0x200 ./Core/Src/fsm_automatic.o
                0x080006ac                fsm_automatic_run
 .text.fsm_manual_run
                0x080008ac      0x134 ./Core/Src/fsm_manual.o
                0x080008ac                fsm_manual_run
 .text.fsm_setting_run
                0x080009e0      0x140 ./Core/Src/fsm_setting.o
                0x080009e0                fsm_setting_run
 .text.check_timer_and_display
                0x08000b20       0x68 ./Core/Src/global.o
                0x08000b20                check_timer_and_display
 .text.getKeyInput
                0x08000b88      0x154 ./Core/Src/input_reading.o
                0x08000b88                getKeyInput
 .text.is_button_pressed
                0x08000cdc       0x34 ./Core/Src/input_reading.o
                0x08000cdc                is_button_pressed
 .text.blink_red
                0x08000d10       0x20 ./Core/Src/led_blinking.o
                0x08000d10                blink_red
 .text.blink_yellow
                0x08000d30       0x20 ./Core/Src/led_blinking.o
                0x08000d30                blink_yellow
 .text.blink_green
                0x08000d50       0x20 ./Core/Src/led_blinking.o
                0x08000d50                blink_green
 .text.light_red_X
                0x08000d70       0x30 ./Core/Src/light_control.o
                0x08000d70                light_red_X
 .text.light_red_Y
                0x08000da0       0x30 ./Core/Src/light_control.o
                0x08000da0                light_red_Y
 .text.light_yellow_X
                0x08000dd0       0x30 ./Core/Src/light_control.o
                0x08000dd0                light_yellow_X
 .text.light_yellow_Y
                0x08000e00       0x30 ./Core/Src/light_control.o
                0x08000e00                light_yellow_Y
 .text.light_green_X
                0x08000e30       0x30 ./Core/Src/light_control.o
                0x08000e30                light_green_X
 .text.light_green_Y
                0x08000e60       0x30 ./Core/Src/light_control.o
                0x08000e60                light_green_Y
 .text.clear_all_light
                0x08000e90       0x54 ./Core/Src/light_control.o
                0x08000e90                clear_all_light
 .text.main     0x08000ee4       0x98 ./Core/Src/main.o
                0x08000ee4                main
 .text.SystemClock_Config
                0x08000f7c       0x76 ./Core/Src/main.o
                0x08000f7c                SystemClock_Config
 *fill*         0x08000ff2        0x2 
 .text.MX_TIM2_Init
                0x08000ff4       0x98 ./Core/Src/main.o
 .text.MX_GPIO_Init
                0x0800108c       0xc4 ./Core/Src/main.o
 .text.HAL_TIM_PeriodElapsedCallback
                0x08001150       0x14 ./Core/Src/main.o
                0x08001150                HAL_TIM_PeriodElapsedCallback
 .text.Error_Handler
                0x08001164        0xc ./Core/Src/main.o
                0x08001164                Error_Handler
 .text.SCH_Init
                0x08001170       0x2a ./Core/Src/scheduler.o
                0x08001170                SCH_Init
 *fill*         0x0800119a        0x2 
 .text.SCH_Updated
                0x0800119c       0xe0 ./Core/Src/scheduler.o
                0x0800119c                SCH_Updated
 .text.SCH_Dispatch_Task
                0x0800127c       0x98 ./Core/Src/scheduler.o
                0x0800127c                SCH_Dispatch_Task
 .text.SCH_Add_Task
                0x08001314       0xb0 ./Core/Src/scheduler.o
                0x08001314                SCH_Add_Task
 .text.SCH_Delete_Task
                0x080013c4       0x84 ./Core/Src/scheduler.o
                0x080013c4                SCH_Delete_Task
 .text.HAL_MspInit
                0x08001448       0x64 ./Core/Src/stm32f1xx_hal_msp.o
                0x08001448                HAL_MspInit
 .text.HAL_TIM_Base_MspInit
                0x080014ac       0x48 ./Core/Src/stm32f1xx_hal_msp.o
                0x080014ac                HAL_TIM_Base_MspInit
 .text.NMI_Handler
                0x080014f4        0x8 ./Core/Src/stm32f1xx_it.o
                0x080014f4                NMI_Handler
 .text.HardFault_Handler
                0x080014fc        0x8 ./Core/Src/stm32f1xx_it.o
                0x080014fc                HardFault_Handler
 .text.MemManage_Handler
                0x08001504        0x8 ./Core/Src/stm32f1xx_it.o
                0x08001504                MemManage_Handler
 .text.BusFault_Handler
                0x0800150c        0x8 ./Core/Src/stm32f1xx_it.o
                0x0800150c                BusFault_Handler
 .text.UsageFault_Handler
                0x08001514        0x8 ./Core/Src/stm32f1xx_it.o
                0x08001514                UsageFault_Handler
 .text.SVC_Handler
                0x0800151c        0xc ./Core/Src/stm32f1xx_it.o
                0x0800151c                SVC_Handler
 .text.DebugMon_Handler
                0x08001528        0xc ./Core/Src/stm32f1xx_it.o
                0x08001528                DebugMon_Handler
 .text.PendSV_Handler
                0x08001534        0xc ./Core/Src/stm32f1xx_it.o
                0x08001534                PendSV_Handler
 .text.SysTick_Handler
                0x08001540        0xc ./Core/Src/stm32f1xx_it.o
                0x08001540                SysTick_Handler
 .text.TIM2_IRQHandler
                0x0800154c       0x14 ./Core/Src/stm32f1xx_it.o
                0x0800154c                TIM2_IRQHandler
 .text.SystemInit
                0x08001560        0xc ./Core/Src/system_stm32f1xx.o
                0x08001560                SystemInit
 .text.unittest_blink
                0x0800156c       0x18 ./Core/Src/unittest.o
                0x0800156c                unittest_blink
 .text.Reset_Handler
                0x08001584       0x48 ./Core/Startup/startup_stm32f101c8tx.o
                0x08001584                Reset_Handler
 .text.Default_Handler
                0x080015cc        0x2 ./Core/Startup/startup_stm32f101c8tx.o
                0x080015cc                RTC_Alarm_IRQHandler
                0x080015cc                EXTI2_IRQHandler
                0x080015cc                PVD_IRQHandler
                0x080015cc                EXTI3_IRQHandler
                0x080015cc                EXTI0_IRQHandler
                0x080015cc                I2C2_EV_IRQHandler
                0x080015cc                SPI1_IRQHandler
                0x080015cc                TAMPER_IRQHandler
                0x080015cc                DMA1_Channel4_IRQHandler
                0x080015cc                ADC1_IRQHandler
                0x080015cc                USART3_IRQHandler
                0x080015cc                RTC_IRQHandler
                0x080015cc                DMA1_Channel7_IRQHandler
                0x080015cc                TIM4_IRQHandler
                0x080015cc                I2C1_EV_IRQHandler
                0x080015cc                DMA1_Channel6_IRQHandler
                0x080015cc                TIM3_IRQHandler
                0x080015cc                RCC_IRQHandler
                0x080015cc                DMA1_Channel1_IRQHandler
                0x080015cc                Default_Handler
                0x080015cc                EXTI15_10_IRQHandler
                0x080015cc                EXTI9_5_IRQHandler
                0x080015cc                SPI2_IRQHandler
                0x080015cc                DMA1_Channel5_IRQHandler
                0x080015cc                EXTI4_IRQHandler
                0x080015cc                DMA1_Channel3_IRQHandler
                0x080015cc                WWDG_IRQHandler
                0x080015cc                EXTI1_IRQHandler
                0x080015cc                USART2_IRQHandler
                0x080015cc                I2C2_ER_IRQHandler
                0x080015cc                DMA1_Channel2_IRQHandler
                0x080015cc                FLASH_IRQHandler
                0x080015cc                USART1_IRQHandler
                0x080015cc                I2C1_ER_IRQHandler
 *fill*         0x080015ce        0x2 
 .text.HAL_Init
                0x080015d0       0x2c ./Drivers/STM32F1xx_HAL_Driver/Src/stm32f1xx_hal.o
                0x080015d0                HAL_Init
 .text.HAL_InitTick
                0x080015fc       0x60 ./Drivers/STM32F1xx_HAL_Driver/Src/stm32f1xx_hal.o
                0x080015fc                HAL_InitTick
 .text.HAL_IncTick
                0x0800165c       0x24 ./Drivers/STM32F1xx_HAL_Driver/Src/stm32f1xx_hal.o
                0x0800165c                HAL_IncTick
 .text.HAL_GetTick
                0x08001680       0x14 ./Drivers/STM32F1xx_HAL_Driver/Src/stm32f1xx_hal.o
                0x08001680                HAL_GetTick
 .text.__NVIC_SetPriorityGrouping
                0x08001694       0x48 ./Drivers/STM32F1xx_HAL_Driver/Src/stm32f1xx_hal_cortex.o
 .text.__NVIC_GetPriorityGrouping
                0x080016dc       0x1c ./Drivers/STM32F1xx_HAL_Driver/Src/stm32f1xx_hal_cortex.o
 .text.__NVIC_EnableIRQ
                0x080016f8       0x38 ./Drivers/STM32F1xx_HAL_Driver/Src/stm32f1xx_hal_cortex.o
 .text.__NVIC_SetPriority
                0x08001730       0x54 ./Drivers/STM32F1xx_HAL_Driver/Src/stm32f1xx_hal_cortex.o
 .text.NVIC_EncodePriority
                0x08001784       0x64 ./Drivers/STM32F1xx_HAL_Driver/Src/stm32f1xx_hal_cortex.o
 .text.SysTick_Config
                0x080017e8       0x44 ./Drivers/STM32F1xx_HAL_Driver/Src/stm32f1xx_hal_cortex.o
 .text.HAL_NVIC_SetPriorityGrouping
                0x0800182c       0x16 ./Drivers/STM32F1xx_HAL_Driver/Src/stm32f1xx_hal_cortex.o
                0x0800182c                HAL_NVIC_SetPriorityGrouping
 .text.HAL_NVIC_SetPriority
                0x08001842       0x38 ./Drivers/STM32F1xx_HAL_Driver/Src/stm32f1xx_hal_cortex.o
                0x08001842                HAL_NVIC_SetPriority
 .text.HAL_NVIC_EnableIRQ
                0x0800187a       0x1c ./Drivers/STM32F1xx_HAL_Driver/Src/stm32f1xx_hal_cortex.o
                0x0800187a                HAL_NVIC_EnableIRQ
 .text.HAL_SYSTICK_Config
                0x08001896       0x18 ./Drivers/STM32F1xx_HAL_Driver/Src/stm32f1xx_hal_cortex.o
                0x08001896                HAL_SYSTICK_Config
 *fill*         0x080018ae        0x2 
 .text.HAL_GPIO_Init
                0x080018b0      0x308 ./Drivers/STM32F1xx_HAL_Driver/Src/stm32f1xx_hal_gpio.o
                0x080018b0                HAL_GPIO_Init
 .text.HAL_GPIO_ReadPin
                0x08001bb8       0x2e ./Drivers/STM32F1xx_HAL_Driver/Src/stm32f1xx_hal_gpio.o
                0x08001bb8                HAL_GPIO_ReadPin
 .text.HAL_GPIO_WritePin
                0x08001be6       0x30 ./Drivers/STM32F1xx_HAL_Driver/Src/stm32f1xx_hal_gpio.o
                0x08001be6                HAL_GPIO_WritePin
 .text.HAL_GPIO_TogglePin
                0x08001c16       0x32 ./Drivers/STM32F1xx_HAL_Driver/Src/stm32f1xx_hal_gpio.o
                0x08001c16                HAL_GPIO_TogglePin
 .text.HAL_RCC_OscConfig
                0x08001c48      0x504 ./Drivers/STM32F1xx_HAL_Driver/Src/stm32f1xx_hal_rcc.o
                0x08001c48                HAL_RCC_OscConfig
 .text.HAL_RCC_ClockConfig
                0x0800214c      0x1d4 ./Drivers/STM32F1xx_HAL_Driver/Src/stm32f1xx_hal_rcc.o
                0x0800214c                HAL_RCC_ClockConfig
 .text.HAL_RCC_GetSysClockFreq
                0x08002320       0xa8 ./Drivers/STM32F1xx_HAL_Driver/Src/stm32f1xx_hal_rcc.o
                0x08002320                HAL_RCC_GetSysClockFreq
 .text.RCC_Delay
                0x080023c8       0x3c ./Drivers/STM32F1xx_HAL_Driver/Src/stm32f1xx_hal_rcc.o
 .text.HAL_TIM_Base_Init
                0x08002404       0x9e ./Drivers/STM32F1xx_HAL_Driver/Src/stm32f1xx_hal_tim.o
                0x08002404                HAL_TIM_Base_Init
 *fill*         0x080024a2        0x2 
 .text.HAL_TIM_Base_Start_IT
                0x080024a4       0x98 ./Drivers/STM32F1xx_HAL_Driver/Src/stm32f1xx_hal_tim.o
                0x080024a4                HAL_TIM_Base_Start_IT
 .text.HAL_TIM_IRQHandler
                0x0800253c      0x1e0 ./Drivers/STM32F1xx_HAL_Driver/Src/stm32f1xx_hal_tim.o
                0x0800253c                HAL_TIM_IRQHandler
 .text.HAL_TIM_ConfigClockSource
                0x0800271c      0x18e ./Drivers/STM32F1xx_HAL_Driver/Src/stm32f1xx_hal_tim.o
                0x0800271c                HAL_TIM_ConfigClockSource
 .text.HAL_TIM_OC_DelayElapsedCallback
                0x080028aa       0x12 ./Drivers/STM32F1xx_HAL_Driver/Src/stm32f1xx_hal_tim.o
                0x080028aa                HAL_TIM_OC_DelayElapsedCallback
 .text.HAL_TIM_IC_CaptureCallback
                0x080028bc       0x12 ./Drivers/STM32F1xx_HAL_Driver/Src/stm32f1xx_hal_tim.o
                0x080028bc                HAL_TIM_IC_CaptureCallback
 .text.HAL_TIM_PWM_PulseFinishedCallback
                0x080028ce       0x12 ./Drivers/STM32F1xx_HAL_Driver/Src/stm32f1xx_hal_tim.o
                0x080028ce                HAL_TIM_PWM_PulseFinishedCallback
 .text.HAL_TIM_TriggerCallback
                0x080028e0       0x12 ./Drivers/STM32F1xx_HAL_Driver/Src/stm32f1xx_hal_tim.o
                0x080028e0                HAL_TIM_TriggerCallback
 *fill*         0x080028f2        0x2 
 .text.TIM_Base_SetConfig
                0x080028f4       0xb8 ./Drivers/STM32F1xx_HAL_Driver/Src/stm32f1xx_hal_tim.o
                0x080028f4                TIM_Base_SetConfig
 .text.TIM_TI1_ConfigInputStage
                0x080029ac       0x5c ./Drivers/STM32F1xx_HAL_Driver/Src/stm32f1xx_hal_tim.o
 .text.TIM_TI2_ConfigInputStage
                0x08002a08       0x5e ./Drivers/STM32F1xx_HAL_Driver/Src/stm32f1xx_hal_tim.o
 .text.TIM_ITRx_SetConfig
                0x08002a66       0x34 ./Drivers/STM32F1xx_HAL_Driver/Src/stm32f1xx_hal_tim.o
 .text.TIM_ETR_SetConfig
                0x08002a9a       0x3e ./Drivers/STM32F1xx_HAL_Driver/Src/stm32f1xx_hal_tim.o
                0x08002a9a                TIM_ETR_SetConfig
 .text.HAL_TIMEx_MasterConfigSynchronization
                0x08002ad8       0xb0 ./Drivers/STM32F1xx_HAL_Driver/Src/stm32f1xx_hal_tim_ex.o
                0x08002ad8                HAL_TIMEx_MasterConfigSynchronization
 .text.HAL_TIMEx_CommutCallback
                0x08002b88       0x12 ./Drivers/STM32F1xx_HAL_Driver/Src/stm32f1xx_hal_tim_ex.o
                0x08002b88                HAL_TIMEx_CommutCallback
 .text.HAL_TIMEx_BreakCallback
                0x08002b9a       0x12 ./Drivers/STM32F1xx_HAL_Driver/Src/stm32f1xx_hal_tim_ex.o
                0x08002b9a                HAL_TIMEx_BreakCallback
 .text.memset   0x08002bac       0x10 D:/ST/STM32CubeIDE_1.18.1/STM32CubeIDE/plugins/com.st.stm32cube.ide.mcu.externaltools.gnu-tools-for-stm32.13.3.rel1.win32_1.0.0.202411081344/tools/bin/../lib/gcc/arm-none-eabi/13.3.1/../../../../arm-none-eabi/lib/thumb/v7-m/nofp\libc_nano.a(libc_a-memset.o)
                0x08002bac                memset
 .text.__libc_init_array
                0x08002bbc       0x48 D:/ST/STM32CubeIDE_1.18.1/STM32CubeIDE/plugins/com.st.stm32cube.ide.mcu.externaltools.gnu-tools-for-stm32.13.3.rel1.win32_1.0.0.202411081344/tools/bin/../lib/gcc/arm-none-eabi/13.3.1/../../../../arm-none-eabi/lib/thumb/v7-m/nofp\libc_nano.a(libc_a-init.o)
                0x08002bbc                __libc_init_array
 *(.glue_7)
 .glue_7        0x08002c04        0x0 linker stubs
 *(.glue_7t)
 .glue_7t       0x08002c04        0x0 linker stubs
 *(.eh_frame)
 .eh_frame      0x08002c04        0x0 D:/ST/STM32CubeIDE_1.18.1/STM32CubeIDE/plugins/com.st.stm32cube.ide.mcu.externaltools.gnu-tools-for-stm32.13.3.rel1.win32_1.0.0.202411081344/tools/bin/../lib/gcc/arm-none-eabi/13.3.1/thumb/v7-m/nofp/crtbegin.o
 *(.init)
 .init          0x08002c04        0x4 D:/ST/STM32CubeIDE_1.18.1/STM32CubeIDE/plugins/com.st.stm32cube.ide.mcu.externaltools.gnu-tools-for-stm32.13.3.rel1.win32_1.0.0.202411081344/tools/bin/../lib/gcc/arm-none-eabi/13.3.1/thumb/v7-m/nofp/crti.o
                0x08002c04                _init
 .init          0x08002c08        0x8 D:/ST/STM32CubeIDE_1.18.1/STM32CubeIDE/plugins/com.st.stm32cube.ide.mcu.externaltools.gnu-tools-for-stm32.13.3.rel1.win32_1.0.0.202411081344/tools/bin/../lib/gcc/arm-none-eabi/13.3.1/thumb/v7-m/nofp/crtn.o
 *(.fini)
 .fini          0x08002c10        0x4 D:/ST/STM32CubeIDE_1.18.1/STM32CubeIDE/plugins/com.st.stm32cube.ide.mcu.externaltools.gnu-tools-for-stm32.13.3.rel1.win32_1.0.0.202411081344/tools/bin/../lib/gcc/arm-none-eabi/13.3.1/thumb/v7-m/nofp/crti.o
                0x08002c10                _fini
 .fini          0x08002c14        0x8 D:/ST/STM32CubeIDE_1.18.1/STM32CubeIDE/plugins/com.st.stm32cube.ide.mcu.externaltools.gnu-tools-for-stm32.13.3.rel1.win32_1.0.0.202411081344/tools/bin/../lib/gcc/arm-none-eabi/13.3.1/thumb/v7-m/nofp/crtn.o
                0x08002c1c                        . = ALIGN (0x4)
                0x08002c1c                        _etext = .

.vfp11_veneer   0x08002c1c        0x0
 .vfp11_veneer  0x08002c1c        0x0 linker stubs

.v4_bx          0x08002c1c        0x0
 .v4_bx         0x08002c1c        0x0 linker stubs

.iplt           0x08002c1c        0x0
 .iplt          0x08002c1c        0x0 D:/ST/STM32CubeIDE_1.18.1/STM32CubeIDE/plugins/com.st.stm32cube.ide.mcu.externaltools.gnu-tools-for-stm32.13.3.rel1.win32_1.0.0.202411081344/tools/bin/../lib/gcc/arm-none-eabi/13.3.1/thumb/v7-m/nofp/crtbegin.o

.rodata         0x08002c1c       0x24
                0x08002c1c                        . = ALIGN (0x4)
 *(.rodata)
 *(.rodata*)
 .rodata.AHBPrescTable
                0x08002c1c       0x10 ./Core/Src/system_stm32f1xx.o
                0x08002c1c                AHBPrescTable
 .rodata.aPLLMULFactorTable.1
                0x08002c2c       0x10 ./Drivers/STM32F1xx_HAL_Driver/Src/stm32f1xx_hal_rcc.o
 .rodata.aPredivFactorTable.0
                0x08002c3c        0x2 ./Drivers/STM32F1xx_HAL_Driver/Src/stm32f1xx_hal_rcc.o
                0x08002c40                        . = ALIGN (0x4)
 *fill*         0x08002c3e        0x2 

.ARM.extab      0x08002c40        0x0
                0x08002c40                        . = ALIGN (0x4)
 *(.ARM.extab* .gnu.linkonce.armextab.*)
                0x08002c40                        . = ALIGN (0x4)

.ARM            0x08002c40        0x0
                0x08002c40                        . = ALIGN (0x4)
                0x08002c40                        __exidx_start = .
 *(.ARM.exidx*)
                0x08002c40                        __exidx_end = .
                0x08002c40                        . = ALIGN (0x4)

.preinit_array  0x08002c40        0x0
                0x08002c40                        . = ALIGN (0x4)
                0x08002c40                        PROVIDE (__preinit_array_start = .)
 *(.preinit_array*)
                0x08002c40                        PROVIDE (__preinit_array_end = .)
                0x08002c40                        . = ALIGN (0x4)

.init_array     0x08002c40        0x4
                0x08002c40                        . = ALIGN (0x4)
                0x08002c40                        PROVIDE (__init_array_start = .)
 *(SORT_BY_NAME(.init_array.*))
 *(.init_array*)
 .init_array    0x08002c40        0x4 D:/ST/STM32CubeIDE_1.18.1/STM32CubeIDE/plugins/com.st.stm32cube.ide.mcu.externaltools.gnu-tools-for-stm32.13.3.rel1.win32_1.0.0.202411081344/tools/bin/../lib/gcc/arm-none-eabi/13.3.1/thumb/v7-m/nofp/crtbegin.o
                0x08002c44                        PROVIDE (__init_array_end = .)
                0x08002c44                        . = ALIGN (0x4)

.fini_array     0x08002c44        0x4
                0x08002c44                        . = ALIGN (0x4)
                [!provide]                        PROVIDE (__fini_array_start = .)
 *(SORT_BY_NAME(.fini_array.*))
 *(.fini_array*)
 .fini_array    0x08002c44        0x4 D:/ST/STM32CubeIDE_1.18.1/STM32CubeIDE/plugins/com.st.stm32cube.ide.mcu.externaltools.gnu-tools-for-stm32.13.3.rel1.win32_1.0.0.202411081344/tools/bin/../lib/gcc/arm-none-eabi/13.3.1/thumb/v7-m/nofp/crtbegin.o
                [!provide]                        PROVIDE (__fini_array_end = .)
                0x08002c48                        . = ALIGN (0x4)
                0x08002c48                        _sidata = LOADADDR (.data)

.rel.dyn        0x08002c48        0x0
 .rel.iplt      0x08002c48        0x0 D:/ST/STM32CubeIDE_1.18.1/STM32CubeIDE/plugins/com.st.stm32cube.ide.mcu.externaltools.gnu-tools-for-stm32.13.3.rel1.win32_1.0.0.202411081344/tools/bin/../lib/gcc/arm-none-eabi/13.3.1/thumb/v7-m/nofp/crtbegin.o

.data           0x20000000       0x4c load address 0x08002c48
                0x20000000                        . = ALIGN (0x4)
                0x20000000                        _sdata = .
 *(.data)
 *(.data*)
 .data.red_duration
                0x20000000        0x4 ./Core/Src/global.o
                0x20000000                red_duration
 .data.yellow_duration
                0x20000004        0x4 ./Core/Src/global.o
                0x20000004                yellow_duration
 .data.green_duration
                0x20000008        0x4 ./Core/Src/global.o
                0x20000008                green_duration
 .data.TimeOutForKeyPress
                0x2000000c        0x4 ./Core/Src/input_reading.o
                0x2000000c                TimeOutForKeyPress
 .data.keyReg0  0x20000010        0xc ./Core/Src/input_reading.o
                0x20000010                keyReg0
 .data.keyReg1  0x2000001c        0xc ./Core/Src/input_reading.o
                0x2000001c                keyReg1
 .data.keyReg2  0x20000028        0xc ./Core/Src/input_reading.o
                0x20000028                keyReg2
 .data.keyReg3  0x20000034        0xc ./Core/Src/input_reading.o
                0x20000034                keyReg3
 .data.SystemCoreClock
                0x20000040        0x4 ./Core/Src/system_stm32f1xx.o
                0x20000040                SystemCoreClock
 .data.uwTickPrio
                0x20000044        0x4 ./Drivers/STM32F1xx_HAL_Driver/Src/stm32f1xx_hal.o
                0x20000044                uwTickPrio
 .data.uwTickFreq
                0x20000048        0x1 ./Drivers/STM32F1xx_HAL_Driver/Src/stm32f1xx_hal.o
                0x20000048                uwTickFreq
 *(.RamFunc)
 *(.RamFunc*)
                0x2000004c                        . = ALIGN (0x4)
 *fill*         0x20000049        0x3 
                0x2000004c                        _edata = .

.igot.plt       0x2000004c        0x0 load address 0x08002c94
 .igot.plt      0x2000004c        0x0 D:/ST/STM32CubeIDE_1.18.1/STM32CubeIDE/plugins/com.st.stm32cube.ide.mcu.externaltools.gnu-tools-for-stm32.13.3.rel1.win32_1.0.0.202411081344/tools/bin/../lib/gcc/arm-none-eabi/13.3.1/thumb/v7-m/nofp/crtbegin.o
                0x2000004c                        . = ALIGN (0x4)

.bss            0x2000004c      0x3b0 load address 0x08002c94
                0x2000004c                        _sbss = .
                0x2000004c                        __bss_start__ = _sbss
 *(.bss)
 .bss           0x2000004c       0x1c D:/ST/STM32CubeIDE_1.18.1/STM32CubeIDE/plugins/com.st.stm32cube.ide.mcu.externaltools.gnu-tools-for-stm32.13.3.rel1.win32_1.0.0.202411081344/tools/bin/../lib/gcc/arm-none-eabi/13.3.1/thumb/v7-m/nofp/crtbegin.o
 *(.bss*)
 .bss.status    0x20000068        0x4 ./Core/Src/global.o
                0x20000068                status
 .bss.red_edit  0x2000006c        0x4 ./Core/Src/global.o
                0x2000006c                red_edit
 .bss.yellow_edit
                0x20000070        0x4 ./Core/Src/global.o
                0x20000070                yellow_edit
 .bss.green_edit
                0x20000074        0x4 ./Core/Src/global.o
                0x20000074                green_edit
 .bss.light_countdown_X
                0x20000078        0x4 ./Core/Src/global.o
                0x20000078                light_countdown_X
 .bss.light_countdown_Y
                0x2000007c        0x4 ./Core/Src/global.o
                0x2000007c                light_countdown_Y
 .bss.counter_for_7SEG
                0x20000080        0x4 ./Core/Src/global.o
                0x20000080                counter_for_7SEG
 .bss.button_flag
                0x20000084        0xc ./Core/Src/input_reading.o
                0x20000084                button_flag
 .bss.htim2     0x20000090       0x48 ./Core/Src/main.o
                0x20000090                htim2
 .bss.SCH_task_G
                0x200000d8      0x320 ./Core/Src/scheduler.o
                0x200000d8                SCH_task_G
 .bss.uwTick    0x200003f8        0x4 ./Drivers/STM32F1xx_HAL_Driver/Src/stm32f1xx_hal.o
                0x200003f8                uwTick
 *(COMMON)
                0x200003fc                        . = ALIGN (0x4)
                0x200003fc                        _ebss = .
                0x200003fc                        __bss_end__ = _ebss

._user_heap_stack
                0x200003fc      0x604 load address 0x08002c94
                0x20000400                        . = ALIGN (0x8)
 *fill*         0x200003fc        0x4 
                [!provide]                        PROVIDE (end = .)
                0x20000400                        PROVIDE (_end = .)
                0x20000600                        . = (. + _Min_Heap_Size)
 *fill*         0x20000400      0x200 
                0x20000a00                        . = (. + _Min_Stack_Size)
 *fill*         0x20000600      0x400 
                0x20000a00                        . = ALIGN (0x8)

/DISCARD/
 libc.a(*)
 libm.a(*)
 libgcc.a(*)

.ARM.attributes
                0x00000000       0x29
 *(.ARM.attributes)
 .ARM.attributes
                0x00000000       0x1d D:/ST/STM32CubeIDE_1.18.1/STM32CubeIDE/plugins/com.st.stm32cube.ide.mcu.externaltools.gnu-tools-for-stm32.13.3.rel1.win32_1.0.0.202411081344/tools/bin/../lib/gcc/arm-none-eabi/13.3.1/thumb/v7-m/nofp/crti.o
 .ARM.attributes
                0x0000001d       0x2d D:/ST/STM32CubeIDE_1.18.1/STM32CubeIDE/plugins/com.st.stm32cube.ide.mcu.externaltools.gnu-tools-for-stm32.13.3.rel1.win32_1.0.0.202411081344/tools/bin/../lib/gcc/arm-none-eabi/13.3.1/thumb/v7-m/nofp/crtbegin.o
 .ARM.attributes
                0x0000004a       0x2d ./Core/Src/display7SEG.o
 .ARM.attributes
                0x00000077       0x2d ./Core/Src/fsm_automatic.o
 .ARM.attributes
                0x000000a4       0x2d ./Core/Src/fsm_manual.o
 .ARM.attributes
                0x000000d1       0x2d ./Core/Src/fsm_setting.o
 .ARM.attributes
                0x000000fe       0x2d ./Core/Src/global.o
 .ARM.attributes
                0x0000012b       0x2d ./Core/Src/input_reading.o
 .ARM.attributes
                0x00000158       0x2d ./Core/Src/led_blinking.o
 .ARM.attributes
                0x00000185       0x2d ./Core/Src/light_control.o
 .ARM.attributes
                0x000001b2       0x2d ./Core/Src/main.o
 .ARM.attributes
                0x000001df       0x2d ./Core/Src/scheduler.o
 .ARM.attributes
                0x0000020c       0x2d ./Core/Src/stm32f1xx_hal_msp.o
 .ARM.attributes
                0x00000239       0x2d ./Core/Src/stm32f1xx_it.o
 .ARM.attributes
                0x00000266       0x2d ./Core/Src/system_stm32f1xx.o
 .ARM.attributes
                0x00000293       0x2d ./Core/Src/unittest.o
 .ARM.attributes
                0x000002c0       0x21 ./Core/Startup/startup_stm32f101c8tx.o
 .ARM.attributes
                0x000002e1       0x2d ./Drivers/STM32F1xx_HAL_Driver/Src/stm32f1xx_hal.o
 .ARM.attributes
                0x0000030e       0x2d ./Drivers/STM32F1xx_HAL_Driver/Src/stm32f1xx_hal_cortex.o
 .ARM.attributes
                0x0000033b       0x2d ./Drivers/STM32F1xx_HAL_Driver/Src/stm32f1xx_hal_gpio.o
 .ARM.attributes
                0x00000368       0x2d ./Drivers/STM32F1xx_HAL_Driver/Src/stm32f1xx_hal_rcc.o
 .ARM.attributes
                0x00000395       0x2d ./Drivers/STM32F1xx_HAL_Driver/Src/stm32f1xx_hal_tim.o
 .ARM.attributes
                0x000003c2       0x2d ./Drivers/STM32F1xx_HAL_Driver/Src/stm32f1xx_hal_tim_ex.o
 .ARM.attributes
                0x000003ef       0x2d D:/ST/STM32CubeIDE_1.18.1/STM32CubeIDE/plugins/com.st.stm32cube.ide.mcu.externaltools.gnu-tools-for-stm32.13.3.rel1.win32_1.0.0.202411081344/tools/bin/../lib/gcc/arm-none-eabi/13.3.1/../../../../arm-none-eabi/lib/thumb/v7-m/nofp\libc_nano.a(libc_a-memset.o)
 .ARM.attributes
                0x0000041c       0x2d D:/ST/STM32CubeIDE_1.18.1/STM32CubeIDE/plugins/com.st.stm32cube.ide.mcu.externaltools.gnu-tools-for-stm32.13.3.rel1.win32_1.0.0.202411081344/tools/bin/../lib/gcc/arm-none-eabi/13.3.1/../../../../arm-none-eabi/lib/thumb/v7-m/nofp\libc_nano.a(libc_a-init.o)
 .ARM.attributes
                0x00000449       0x1d D:/ST/STM32CubeIDE_1.18.1/STM32CubeIDE/plugins/com.st.stm32cube.ide.mcu.externaltools.gnu-tools-for-stm32.13.3.rel1.win32_1.0.0.202411081344/tools/bin/../lib/gcc/arm-none-eabi/13.3.1/thumb/v7-m/nofp/crtn.o
OUTPUT(Light_Traffic_FSM_Scheduler.elf elf32-littlearm)
LOAD linker stubs
LOAD D:/ST/STM32CubeIDE_1.18.1/STM32CubeIDE/plugins/com.st.stm32cube.ide.mcu.externaltools.gnu-tools-for-stm32.13.3.rel1.win32_1.0.0.202411081344/tools/bin/../lib/gcc/arm-none-eabi/13.3.1/../../../../arm-none-eabi/lib/thumb/v7-m/nofp\libc.a
LOAD D:/ST/STM32CubeIDE_1.18.1/STM32CubeIDE/plugins/com.st.stm32cube.ide.mcu.externaltools.gnu-tools-for-stm32.13.3.rel1.win32_1.0.0.202411081344/tools/bin/../lib/gcc/arm-none-eabi/13.3.1/../../../../arm-none-eabi/lib/thumb/v7-m/nofp\libm.a
LOAD D:/ST/STM32CubeIDE_1.18.1/STM32CubeIDE/plugins/com.st.stm32cube.ide.mcu.externaltools.gnu-tools-for-stm32.13.3.rel1.win32_1.0.0.202411081344/tools/bin/../lib/gcc/arm-none-eabi/13.3.1/thumb/v7-m/nofp\libgcc.a

.debug_info     0x00000000     0x8b1f
 .debug_info    0x00000000      0x26e ./Core/Src/display7SEG.o
 .debug_info    0x0000026e      0x19e ./Core/Src/fsm_automatic.o
 .debug_info    0x0000040c      0x10b ./Core/Src/fsm_manual.o
 .debug_info    0x00000517       0xfd ./Core/Src/fsm_setting.o
 .debug_info    0x00000614      0x1db ./Core/Src/global.o
 .debug_info    0x000007ef      0x235 ./Core/Src/input_reading.o
 .debug_info    0x00000a24      0x166 ./Core/Src/led_blinking.o
 .debug_info    0x00000b8a      0x1e7 ./Core/Src/light_control.o
 .debug_info    0x00000d71      0xbf0 ./Core/Src/main.o
 .debug_info    0x00001961      0x215 ./Core/Src/scheduler.o
 .debug_info    0x00001b76      0x8f6 ./Core/Src/stm32f1xx_hal_msp.o
 .debug_info    0x0000246c      0x695 ./Core/Src/stm32f1xx_it.o
 .debug_info    0x00002b01      0x222 ./Core/Src/system_stm32f1xx.o
 .debug_info    0x00002d23      0x148 ./Core/Src/unittest.o
 .debug_info    0x00002e6b       0x30 ./Core/Startup/startup_stm32f101c8tx.o
 .debug_info    0x00002e9b      0x6ba ./Drivers/STM32F1xx_HAL_Driver/Src/stm32f1xx_hal.o
 .debug_info    0x00003555      0xa51 ./Drivers/STM32F1xx_HAL_Driver/Src/stm32f1xx_hal_cortex.o
 .debug_info    0x00003fa6      0x5b4 ./Drivers/STM32F1xx_HAL_Driver/Src/stm32f1xx_hal_gpio.o
 .debug_info    0x0000455a      0x7e9 ./Drivers/STM32F1xx_HAL_Driver/Src/stm32f1xx_hal_rcc.o
 .debug_info    0x00004d43     0x294d ./Drivers/STM32F1xx_HAL_Driver/Src/stm32f1xx_hal_tim.o
 .debug_info    0x00007690     0x148f ./Drivers/STM32F1xx_HAL_Driver/Src/stm32f1xx_hal_tim_ex.o

.debug_abbrev   0x00000000     0x1f49
 .debug_abbrev  0x00000000      0x15a ./Core/Src/display7SEG.o
 .debug_abbrev  0x0000015a       0xbd ./Core/Src/fsm_automatic.o
 .debug_abbrev  0x00000217       0xa3 ./Core/Src/fsm_manual.o
 .debug_abbrev  0x000002ba       0x8b ./Core/Src/fsm_setting.o
 .debug_abbrev  0x00000345       0xb6 ./Core/Src/global.o
 .debug_abbrev  0x000003fb      0x148 ./Core/Src/input_reading.o
 .debug_abbrev  0x00000543       0xc4 ./Core/Src/led_blinking.o
 .debug_abbrev  0x00000607       0xec ./Core/Src/light_control.o
 .debug_abbrev  0x000006f3      0x2ce ./Core/Src/main.o
 .debug_abbrev  0x000009c1      0x130 ./Core/Src/scheduler.o
 .debug_abbrev  0x00000af1      0x1c1 ./Core/Src/stm32f1xx_hal_msp.o
 .debug_abbrev  0x00000cb2      0x1a5 ./Core/Src/stm32f1xx_it.o
 .debug_abbrev  0x00000e57      0x13f ./Core/Src/system_stm32f1xx.o
 .debug_abbrev  0x00000f96       0xc2 ./Core/Src/unittest.o
 .debug_abbrev  0x00001058       0x24 ./Core/Startup/startup_stm32f101c8tx.o
 .debug_abbrev  0x0000107c      0x239 ./Drivers/STM32F1xx_HAL_Driver/Src/stm32f1xx_hal.o
 .debug_abbrev  0x000012b5      0x2f8 ./Drivers/STM32F1xx_HAL_Driver/Src/stm32f1xx_hal_cortex.o
 .debug_abbrev  0x000015ad      0x1c9 ./Drivers/STM32F1xx_HAL_Driver/Src/stm32f1xx_hal_gpio.o
 .debug_abbrev  0x00001776      0x2b2 ./Drivers/STM32F1xx_HAL_Driver/Src/stm32f1xx_hal_rcc.o
 .debug_abbrev  0x00001a28      0x28b ./Drivers/STM32F1xx_HAL_Driver/Src/stm32f1xx_hal_tim.o
 .debug_abbrev  0x00001cb3      0x296 ./Drivers/STM32F1xx_HAL_Driver/Src/stm32f1xx_hal_tim_ex.o

.debug_aranges  0x00000000      0xb18
 .debug_aranges
                0x00000000       0x58 ./Core/Src/display7SEG.o
 .debug_aranges
                0x00000058       0x28 ./Core/Src/fsm_automatic.o
 .debug_aranges
                0x00000080       0x20 ./Core/Src/fsm_manual.o
 .debug_aranges
                0x000000a0       0x20 ./Core/Src/fsm_setting.o
 .debug_aranges
                0x000000c0       0x20 ./Core/Src/global.o
 .debug_aranges
                0x000000e0       0x28 ./Core/Src/input_reading.o
 .debug_aranges
                0x00000108       0x30 ./Core/Src/led_blinking.o
 .debug_aranges
                0x00000138       0x50 ./Core/Src/light_control.o
 .debug_aranges
                0x00000188       0x48 ./Core/Src/main.o
 .debug_aranges
                0x000001d0       0x40 ./Core/Src/scheduler.o
 .debug_aranges
                0x00000210       0x30 ./Core/Src/stm32f1xx_hal_msp.o
 .debug_aranges
                0x00000240       0x68 ./Core/Src/stm32f1xx_it.o
 .debug_aranges
                0x000002a8       0x28 ./Core/Src/system_stm32f1xx.o
 .debug_aranges
                0x000002d0       0x20 ./Core/Src/unittest.o
 .debug_aranges
                0x000002f0       0x28 ./Core/Startup/startup_stm32f101c8tx.o
 .debug_aranges
                0x00000318       0xe0 ./Drivers/STM32F1xx_HAL_Driver/Src/stm32f1xx_hal.o
 .debug_aranges
                0x000003f8      0x100 ./Drivers/STM32F1xx_HAL_Driver/Src/stm32f1xx_hal_cortex.o
 .debug_aranges
                0x000004f8       0x58 ./Drivers/STM32F1xx_HAL_Driver/Src/stm32f1xx_hal_gpio.o
 .debug_aranges
                0x00000550       0x90 ./Drivers/STM32F1xx_HAL_Driver/Src/stm32f1xx_hal_rcc.o
 .debug_aranges
                0x000005e0      0x3d0 ./Drivers/STM32F1xx_HAL_Driver/Src/stm32f1xx_hal_tim.o
 .debug_aranges
                0x000009b0      0x168 ./Drivers/STM32F1xx_HAL_Driver/Src/stm32f1xx_hal_tim_ex.o

.debug_rnglists
                0x00000000      0x858
 .debug_rnglists
                0x00000000       0x3e ./Core/Src/display7SEG.o
 .debug_rnglists
                0x0000003e       0x1a ./Core/Src/fsm_automatic.o
 .debug_rnglists
                0x00000058       0x14 ./Core/Src/fsm_manual.o
 .debug_rnglists
                0x0000006c       0x14 ./Core/Src/fsm_setting.o
 .debug_rnglists
                0x00000080       0x13 ./Core/Src/global.o
 .debug_rnglists
                0x00000093       0x1a ./Core/Src/input_reading.o
 .debug_rnglists
                0x000000ad       0x1f ./Core/Src/led_blinking.o
 .debug_rnglists
                0x000000cc       0x37 ./Core/Src/light_control.o
 .debug_rnglists
                0x00000103       0x34 ./Core/Src/main.o
 .debug_rnglists
                0x00000137       0x2f ./Core/Src/scheduler.o
 .debug_rnglists
                0x00000166       0x1f ./Core/Src/stm32f1xx_hal_msp.o
 .debug_rnglists
                0x00000185       0x49 ./Core/Src/stm32f1xx_it.o
 .debug_rnglists
                0x000001ce       0x1a ./Core/Src/system_stm32f1xx.o
 .debug_rnglists
                0x000001e8       0x13 ./Core/Src/unittest.o
 .debug_rnglists
                0x000001fb       0x19 ./Core/Startup/startup_stm32f101c8tx.o
 .debug_rnglists
                0x00000214       0xa3 ./Drivers/STM32F1xx_HAL_Driver/Src/stm32f1xx_hal.o
 .debug_rnglists
                0x000002b7       0xbb ./Drivers/STM32F1xx_HAL_Driver/Src/stm32f1xx_hal_cortex.o
 .debug_rnglists
                0x00000372       0x3f ./Drivers/STM32F1xx_HAL_Driver/Src/stm32f1xx_hal_gpio.o
 .debug_rnglists
                0x000003b1       0x6c ./Drivers/STM32F1xx_HAL_Driver/Src/stm32f1xx_hal_rcc.o
 .debug_rnglists
                0x0000041d      0x316 ./Drivers/STM32F1xx_HAL_Driver/Src/stm32f1xx_hal_tim.o
 .debug_rnglists
                0x00000733      0x125 ./Drivers/STM32F1xx_HAL_Driver/Src/stm32f1xx_hal_tim_ex.o

.debug_macro    0x00000000    0x106dd
 .debug_macro   0x00000000      0x214 ./Core/Src/display7SEG.o
 .debug_macro   0x00000214      0xacc ./Core/Src/display7SEG.o
 .debug_macro   0x00000ce0      0x215 ./Core/Src/display7SEG.o
 .debug_macro   0x00000ef5       0x2e ./Core/Src/display7SEG.o
 .debug_macro   0x00000f23       0x22 ./Core/Src/display7SEG.o
 .debug_macro   0x00000f45       0x22 ./Core/Src/display7SEG.o
 .debug_macro   0x00000f67       0x8e ./Core/Src/display7SEG.o
 .debug_macro   0x00000ff5       0x51 ./Core/Src/display7SEG.o
 .debug_macro   0x00001046      0x103 ./Core/Src/display7SEG.o
 .debug_macro   0x00001149       0x6a ./Core/Src/display7SEG.o
 .debug_macro   0x000011b3      0x1df ./Core/Src/display7SEG.o
 .debug_macro   0x00001392       0x1c ./Core/Src/display7SEG.o
 .debug_macro   0x000013ae       0x22 ./Core/Src/display7SEG.o
 .debug_macro   0x000013d0       0xbd ./Core/Src/display7SEG.o
 .debug_macro   0x0000148d      0xd23 ./Core/Src/display7SEG.o
 .debug_macro   0x000021b0     0x6cd1 ./Core/Src/display7SEG.o
 .debug_macro   0x00008e81       0x6d ./Core/Src/display7SEG.o
 .debug_macro   0x00008eee     0x34a2 ./Core/Src/display7SEG.o
 .debug_macro   0x0000c390      0x190 ./Core/Src/display7SEG.o
 .debug_macro   0x0000c520       0x5c ./Core/Src/display7SEG.o
 .debug_macro   0x0000c57c      0x5bc ./Core/Src/display7SEG.o
 .debug_macro   0x0000cb38      0x1e1 ./Core/Src/display7SEG.o
 .debug_macro   0x0000cd19      0x1cb ./Core/Src/display7SEG.o
 .debug_macro   0x0000cee4      0x114 ./Core/Src/display7SEG.o
 .debug_macro   0x0000cff8      0x19d ./Core/Src/display7SEG.o
 .debug_macro   0x0000d195       0x27 ./Core/Src/display7SEG.o
 .debug_macro   0x0000d1bc      0x136 ./Core/Src/display7SEG.o
 .debug_macro   0x0000d2f2      0x1bc ./Core/Src/display7SEG.o
 .debug_macro   0x0000d4ae       0x34 ./Core/Src/display7SEG.o
 .debug_macro   0x0000d4e2       0x3c ./Core/Src/display7SEG.o
 .debug_macro   0x0000d51e       0x57 ./Core/Src/display7SEG.o
 .debug_macro   0x0000d575       0x87 ./Core/Src/display7SEG.o
 .debug_macro   0x0000d5fc      0x240 ./Core/Src/display7SEG.o
 .debug_macro   0x0000d83c      0x140 ./Core/Src/display7SEG.o
 .debug_macro   0x0000d97c      0x8ed ./Core/Src/display7SEG.o
 .debug_macro   0x0000e269       0x67 ./Core/Src/display7SEG.o
 .debug_macro   0x0000e2d0      0x100 ./Core/Src/display7SEG.o
 .debug_macro   0x0000e3d0       0x16 ./Core/Src/display7SEG.o
 .debug_macro   0x0000e3e6       0x10 ./Core/Src/display7SEG.o
 .debug_macro   0x0000e3f6       0x58 ./Core/Src/display7SEG.o
 .debug_macro   0x0000e44e      0x214 ./Core/Src/fsm_automatic.o
 .debug_macro   0x0000e662      0x214 ./Core/Src/fsm_manual.o
 .debug_macro   0x0000e876      0x214 ./Core/Src/fsm_setting.o
 .debug_macro   0x0000ea8a      0x210 ./Core/Src/global.o
 .debug_macro   0x0000ec9a      0x220 ./Core/Src/input_reading.o
 .debug_macro   0x0000eeba       0x10 ./Core/Src/input_reading.o
 .debug_macro   0x0000eeca      0x214 ./Core/Src/led_blinking.o
 .debug_macro   0x0000f0de      0x214 ./Core/Src/light_control.o
 .debug_macro   0x0000f2f2      0x21d ./Core/Src/main.o
 .debug_macro   0x0000f50f       0x16 ./Core/Src/main.o
 .debug_macro   0x0000f525       0x84 ./Core/Src/scheduler.o
 .debug_macro   0x0000f5a9       0x10 ./Core/Src/scheduler.o
 .debug_macro   0x0000f5b9      0x1a5 ./Core/Src/stm32f1xx_hal_msp.o
 .debug_macro   0x0000f75e      0x1af ./Core/Src/stm32f1xx_it.o
 .debug_macro   0x0000f90d      0x196 ./Core/Src/system_stm32f1xx.o
 .debug_macro   0x0000faa3      0x214 ./Core/Src/unittest.o
 .debug_macro   0x0000fcb7      0x1ba ./Drivers/STM32F1xx_HAL_Driver/Src/stm32f1xx_hal.o
 .debug_macro   0x0000fe71      0x196 ./Drivers/STM32F1xx_HAL_Driver/Src/stm32f1xx_hal_cortex.o
 .debug_macro   0x00010007      0x201 ./Drivers/STM32F1xx_HAL_Driver/Src/stm32f1xx_hal_gpio.o
 .debug_macro   0x00010208      0x1a8 ./Drivers/STM32F1xx_HAL_Driver/Src/stm32f1xx_hal_rcc.o
 .debug_macro   0x000103b0      0x197 ./Drivers/STM32F1xx_HAL_Driver/Src/stm32f1xx_hal_tim.o
 .debug_macro   0x00010547      0x196 ./Drivers/STM32F1xx_HAL_Driver/Src/stm32f1xx_hal_tim_ex.o

.debug_line     0x00000000     0xe5a8
 .debug_line    0x00000000      0x8b4 ./Core/Src/display7SEG.o
 .debug_line    0x000008b4      0x865 ./Core/Src/fsm_automatic.o
 .debug_line    0x00001119      0x815 ./Core/Src/fsm_manual.o
 .debug_line    0x0000192e      0x81c ./Core/Src/fsm_setting.o
 .debug_line    0x0000214a      0x7a3 ./Core/Src/global.o
 .debug_line    0x000028ed      0x87d ./Core/Src/input_reading.o
 .debug_line    0x0000316a      0x7b1 ./Core/Src/led_blinking.o
 .debug_line    0x0000391b      0x81c ./Core/Src/light_control.o
 .debug_line    0x00004137      0x8d0 ./Core/Src/main.o
 .debug_line    0x00004a07      0x552 ./Core/Src/scheduler.o
 .debug_line    0x00004f59      0x720 ./Core/Src/stm32f1xx_hal_msp.o
 .debug_line    0x00005679      0x7ab ./Core/Src/stm32f1xx_it.o
 .debug_line    0x00005e24      0x763 ./Core/Src/system_stm32f1xx.o
 .debug_line    0x00006587      0x77a ./Core/Src/unittest.o
 .debug_line    0x00006d01       0x78 ./Core/Startup/startup_stm32f101c8tx.o
 .debug_line    0x00006d79      0x994 ./Drivers/STM32F1xx_HAL_Driver/Src/stm32f1xx_hal.o
 .debug_line    0x0000770d      0xb5e ./Drivers/STM32F1xx_HAL_Driver/Src/stm32f1xx_hal_cortex.o
 .debug_line    0x0000826b      0x9f1 ./Drivers/STM32F1xx_HAL_Driver/Src/stm32f1xx_hal_gpio.o
 .debug_line    0x00008c5c      0xe4d ./Drivers/STM32F1xx_HAL_Driver/Src/stm32f1xx_hal_rcc.o
 .debug_line    0x00009aa9     0x32d7 ./Drivers/STM32F1xx_HAL_Driver/Src/stm32f1xx_hal_tim.o
 .debug_line    0x0000cd80     0x1828 ./Drivers/STM32F1xx_HAL_Driver/Src/stm32f1xx_hal_tim_ex.o

.debug_str      0x00000000    0x5eba8
 .debug_str     0x00000000    0x5eba8 ./Core/Src/display7SEG.o
                              0x5c068 (size before relaxing)
 .debug_str     0x0005eba8    0x5c0c9 ./Core/Src/fsm_automatic.o
 .debug_str     0x0005eba8    0x5c010 ./Core/Src/fsm_manual.o
 .debug_str     0x0005eba8    0x5c002 ./Core/Src/fsm_setting.o
 .debug_str     0x0005eba8    0x5c06e ./Core/Src/global.o
 .debug_str     0x0005eba8    0x5c072 ./Core/Src/input_reading.o
 .debug_str     0x0005eba8    0x5bfeb ./Core/Src/led_blinking.o
 .debug_str     0x0005eba8    0x5c05a ./Core/Src/light_control.o
 .debug_str     0x0005eba8    0x5c8fe ./Core/Src/main.o
 .debug_str     0x0005eba8     0x3e8f ./Core/Src/scheduler.o
 .debug_str     0x0005eba8    0x5c5ce ./Core/Src/stm32f1xx_hal_msp.o
 .debug_str     0x0005eba8    0x5c35f ./Core/Src/stm32f1xx_it.o
 .debug_str     0x0005eba8    0x5bac6 ./Core/Src/system_stm32f1xx.o
 .debug_str     0x0005eba8    0x5bfd3 ./Core/Src/unittest.o
 .debug_str     0x0005eba8       0x9f ./Core/Startup/startup_stm32f101c8tx.o
 .debug_str     0x0005eba8    0x5c169 ./Drivers/STM32F1xx_HAL_Driver/Src/stm32f1xx_hal.o
 .debug_str     0x0005eba8    0x5c0b5 ./Drivers/STM32F1xx_HAL_Driver/Src/stm32f1xx_hal_cortex.o
 .debug_str     0x0005eba8    0x5be4c ./Drivers/STM32F1xx_HAL_Driver/Src/stm32f1xx_hal_gpio.o
 .debug_str     0x0005eba8    0x5bef5 ./Drivers/STM32F1xx_HAL_Driver/Src/stm32f1xx_hal_rcc.o
 .debug_str     0x0005eba8    0x5cef7 ./Drivers/STM32F1xx_HAL_Driver/Src/stm32f1xx_hal_tim.o
 .debug_str     0x0005eba8    0x5c703 ./Drivers/STM32F1xx_HAL_Driver/Src/stm32f1xx_hal_tim_ex.o

.comment        0x00000000       0x43
 .comment       0x00000000       0x43 ./Core/Src/display7SEG.o
                                 0x44 (size before relaxing)
 .comment       0x00000043       0x44 ./Core/Src/fsm_automatic.o
 .comment       0x00000043       0x44 ./Core/Src/fsm_manual.o
 .comment       0x00000043       0x44 ./Core/Src/fsm_setting.o
 .comment       0x00000043       0x44 ./Core/Src/global.o
 .comment       0x00000043       0x44 ./Core/Src/input_reading.o
 .comment       0x00000043       0x44 ./Core/Src/led_blinking.o
 .comment       0x00000043       0x44 ./Core/Src/light_control.o
 .comment       0x00000043       0x44 ./Core/Src/main.o
 .comment       0x00000043       0x44 ./Core/Src/scheduler.o
 .comment       0x00000043       0x44 ./Core/Src/stm32f1xx_hal_msp.o
 .comment       0x00000043       0x44 ./Core/Src/stm32f1xx_it.o
 .comment       0x00000043       0x44 ./Core/Src/system_stm32f1xx.o
 .comment       0x00000043       0x44 ./Core/Src/unittest.o
 .comment       0x00000043       0x44 ./Drivers/STM32F1xx_HAL_Driver/Src/stm32f1xx_hal.o
 .comment       0x00000043       0x44 ./Drivers/STM32F1xx_HAL_Driver/Src/stm32f1xx_hal_cortex.o
 .comment       0x00000043       0x44 ./Drivers/STM32F1xx_HAL_Driver/Src/stm32f1xx_hal_gpio.o
 .comment       0x00000043       0x44 ./Drivers/STM32F1xx_HAL_Driver/Src/stm32f1xx_hal_rcc.o
 .comment       0x00000043       0x44 ./Drivers/STM32F1xx_HAL_Driver/Src/stm32f1xx_hal_tim.o
 .comment       0x00000043       0x44 ./Drivers/STM32F1xx_HAL_Driver/Src/stm32f1xx_hal_tim_ex.o

.debug_frame    0x00000000     0x2a38
 .debug_frame   0x00000000      0x10c ./Core/Src/display7SEG.o
 .debug_frame   0x0000010c       0x4c ./Core/Src/fsm_automatic.o
 .debug_frame   0x00000158       0x2c ./Core/Src/fsm_manual.o
 .debug_frame   0x00000184       0x2c ./Core/Src/fsm_setting.o
 .debug_frame   0x000001b0       0x34 ./Core/Src/global.o
 .debug_frame   0x000001e4       0x5c ./Core/Src/input_reading.o
 .debug_frame   0x00000240       0x64 ./Core/Src/led_blinking.o
 .debug_frame   0x000002a4       0xd4 ./Core/Src/light_control.o
 .debug_frame   0x00000378       0xd4 ./Core/Src/main.o
 .debug_frame   0x0000044c       0xd0 ./Core/Src/scheduler.o
 .debug_frame   0x0000051c       0x80 ./Core/Src/stm32f1xx_hal_msp.o
 .debug_frame   0x0000059c      0x120 ./Core/Src/stm32f1xx_it.o
 .debug_frame   0x000006bc       0x58 ./Core/Src/system_stm32f1xx.o
 .debug_frame   0x00000714       0x2c ./Core/Src/unittest.o
 .debug_frame   0x00000740      0x334 ./Drivers/STM32F1xx_HAL_Driver/Src/stm32f1xx_hal.o
 .debug_frame   0x00000a74      0x428 ./Drivers/STM32F1xx_HAL_Driver/Src/stm32f1xx_hal_cortex.o
 .debug_frame   0x00000e9c      0x14c ./Drivers/STM32F1xx_HAL_Driver/Src/stm32f1xx_hal_gpio.o
 .debug_frame   0x00000fe8      0x218 ./Drivers/STM32F1xx_HAL_Driver/Src/stm32f1xx_hal_rcc.o
 .debug_frame   0x00001200     0x11b4 ./Drivers/STM32F1xx_HAL_Driver/Src/stm32f1xx_hal_tim.o
 .debug_frame   0x000023b4      0x638 ./Drivers/STM32F1xx_HAL_Driver/Src/stm32f1xx_hal_tim_ex.o
 .debug_frame   0x000029ec       0x20 D:/ST/STM32CubeIDE_1.18.1/STM32CubeIDE/plugins/com.st.stm32cube.ide.mcu.externaltools.gnu-tools-for-stm32.13.3.rel1.win32_1.0.0.202411081344/tools/bin/../lib/gcc/arm-none-eabi/13.3.1/../../../../arm-none-eabi/lib/thumb/v7-m/nofp\libc_nano.a(libc_a-memset.o)
 .debug_frame   0x00002a0c       0x2c D:/ST/STM32CubeIDE_1.18.1/STM32CubeIDE/plugins/com.st.stm32cube.ide.mcu.externaltools.gnu-tools-for-stm32.13.3.rel1.win32_1.0.0.202411081344/tools/bin/../lib/gcc/arm-none-eabi/13.3.1/../../../../arm-none-eabi/lib/thumb/v7-m/nofp\libc_nano.a(libc_a-init.o)

.debug_line_str
                0x00000000       0x83
 .debug_line_str
                0x00000000       0x83 ./Core/Startup/startup_stm32f101c8tx.o
