Archive member included to satisfy reference by file (symbol)

D:/ST/STM32CubeIDE_1.18.1/STM32CubeIDE/plugins/com.st.stm32cube.ide.mcu.externaltools.gnu-tools-for-stm32.13.3.rel1.win32_1.0.0.202411081344/tools/bin/../lib/gcc/arm-none-eabi/13.3.1/../../../../arm-none-eabi/lib/thumb/v7-m/nofp\libc_nano.a(libc_a-exit.o)
                              D:/ST/STM32CubeIDE_1.18.1/STM32CubeIDE/plugins/com.st.stm32cube.ide.mcu.externaltools.gnu-tools-for-stm32.13.3.rel1.win32_1.0.0.202411081344/tools/bin/../lib/gcc/arm-none-eabi/13.3.1/../../../../arm-none-eabi/lib/thumb/v7-m/nofp/crt0.o (exit)
D:/ST/STM32CubeIDE_1.18.1/STM32CubeIDE/plugins/com.st.stm32cube.ide.mcu.externaltools.gnu-tools-for-stm32.13.3.rel1.win32_1.0.0.202411081344/tools/bin/../lib/gcc/arm-none-eabi/13.3.1/../../../../arm-none-eabi/lib/thumb/v7-m/nofp\libc_nano.a(libc_a-findfp.o)
                              D:/ST/STM32CubeIDE_1.18.1/STM32CubeIDE/plugins/com.st.stm32cube.ide.mcu.externaltools.gnu-tools-for-stm32.13.3.rel1.win32_1.0.0.202411081344/tools/bin/../lib/gcc/arm-none-eabi/13.3.1/../../../../arm-none-eabi/lib/thumb/v7-m/nofp\libc_nano.a(libc_a-exit.o) (__stdio_exit_handler)
D:/ST/STM32CubeIDE_1.18.1/STM32CubeIDE/plugins/com.st.stm32cube.ide.mcu.externaltools.gnu-tools-for-stm32.13.3.rel1.win32_1.0.0.202411081344/tools/bin/../lib/gcc/arm-none-eabi/13.3.1/../../../../arm-none-eabi/lib/thumb/v7-m/nofp\libc_nano.a(libc_a-fwalk.o)
                              D:/ST/STM32CubeIDE_1.18.1/STM32CubeIDE/plugins/com.st.stm32cube.ide.mcu.externaltools.gnu-tools-for-stm32.13.3.rel1.win32_1.0.0.202411081344/tools/bin/../lib/gcc/arm-none-eabi/13.3.1/../../../../arm-none-eabi/lib/thumb/v7-m/nofp\libc_nano.a(libc_a-findfp.o) (_fwalk_sglue)
D:/ST/STM32CubeIDE_1.18.1/STM32CubeIDE/plugins/com.st.stm32cube.ide.mcu.externaltools.gnu-tools-for-stm32.13.3.rel1.win32_1.0.0.202411081344/tools/bin/../lib/gcc/arm-none-eabi/13.3.1/../../../../arm-none-eabi/lib/thumb/v7-m/nofp\libc_nano.a(libc_a-stdio.o)
                              D:/ST/STM32CubeIDE_1.18.1/STM32CubeIDE/plugins/com.st.stm32cube.ide.mcu.externaltools.gnu-tools-for-stm32.13.3.rel1.win32_1.0.0.202411081344/tools/bin/../lib/gcc/arm-none-eabi/13.3.1/../../../../arm-none-eabi/lib/thumb/v7-m/nofp\libc_nano.a(libc_a-findfp.o) (__sread)
D:/ST/STM32CubeIDE_1.18.1/STM32CubeIDE/plugins/com.st.stm32cube.ide.mcu.externaltools.gnu-tools-for-stm32.13.3.rel1.win32_1.0.0.202411081344/tools/bin/../lib/gcc/arm-none-eabi/13.3.1/../../../../arm-none-eabi/lib/thumb/v7-m/nofp\libc_nano.a(libc_a-memset.o)
                              D:/ST/STM32CubeIDE_1.18.1/STM32CubeIDE/plugins/com.st.stm32cube.ide.mcu.externaltools.gnu-tools-for-stm32.13.3.rel1.win32_1.0.0.202411081344/tools/bin/../lib/gcc/arm-none-eabi/13.3.1/../../../../arm-none-eabi/lib/thumb/v7-m/nofp/crt0.o (memset)
D:/ST/STM32CubeIDE_1.18.1/STM32CubeIDE/plugins/com.st.stm32cube.ide.mcu.externaltools.gnu-tools-for-stm32.13.3.rel1.win32_1.0.0.202411081344/tools/bin/../lib/gcc/arm-none-eabi/13.3.1/../../../../arm-none-eabi/lib/thumb/v7-m/nofp\libc_nano.a(libc_a-closer.o)
                              D:/ST/STM32CubeIDE_1.18.1/STM32CubeIDE/plugins/com.st.stm32cube.ide.mcu.externaltools.gnu-tools-for-stm32.13.3.rel1.win32_1.0.0.202411081344/tools/bin/../lib/gcc/arm-none-eabi/13.3.1/../../../../arm-none-eabi/lib/thumb/v7-m/nofp\libc_nano.a(libc_a-stdio.o) (_close_r)
D:/ST/STM32CubeIDE_1.18.1/STM32CubeIDE/plugins/com.st.stm32cube.ide.mcu.externaltools.gnu-tools-for-stm32.13.3.rel1.win32_1.0.0.202411081344/tools/bin/../lib/gcc/arm-none-eabi/13.3.1/../../../../arm-none-eabi/lib/thumb/v7-m/nofp\libc_nano.a(libc_a-reent.o)
                              D:/ST/STM32CubeIDE_1.18.1/STM32CubeIDE/plugins/com.st.stm32cube.ide.mcu.externaltools.gnu-tools-for-stm32.13.3.rel1.win32_1.0.0.202411081344/tools/bin/../lib/gcc/arm-none-eabi/13.3.1/../../../../arm-none-eabi/lib/thumb/v7-m/nofp\libc_nano.a(libc_a-closer.o) (errno)
D:/ST/STM32CubeIDE_1.18.1/STM32CubeIDE/plugins/com.st.stm32cube.ide.mcu.externaltools.gnu-tools-for-stm32.13.3.rel1.win32_1.0.0.202411081344/tools/bin/../lib/gcc/arm-none-eabi/13.3.1/../../../../arm-none-eabi/lib/thumb/v7-m/nofp\libc_nano.a(libc_a-impure.o)
                              D:/ST/STM32CubeIDE_1.18.1/STM32CubeIDE/plugins/com.st.stm32cube.ide.mcu.externaltools.gnu-tools-for-stm32.13.3.rel1.win32_1.0.0.202411081344/tools/bin/../lib/gcc/arm-none-eabi/13.3.1/../../../../arm-none-eabi/lib/thumb/v7-m/nofp\libc_nano.a(libc_a-reent.o) (_impure_ptr)
D:/ST/STM32CubeIDE_1.18.1/STM32CubeIDE/plugins/com.st.stm32cube.ide.mcu.externaltools.gnu-tools-for-stm32.13.3.rel1.win32_1.0.0.202411081344/tools/bin/../lib/gcc/arm-none-eabi/13.3.1/../../../../arm-none-eabi/lib/thumb/v7-m/nofp\libc_nano.a(libc_a-lseekr.o)
[...]
Memory Configuration

Name             Origin             Length             Attributes
RAM              0x20000000         0x00005000         xrw
FLASH            0x08000000         0x00010000         xr
*default*        0x00000000         0xffffffff

Linker script and memory map

LOAD D:/ST/STM32CubeIDE_1.18.1/STM32CubeIDE/plugins/com.st.stm32cube.ide.mcu.externaltools.gnu-tools-for-stm32.13.3.rel1.win32_1.0.0.202411081344/tools/bin/../lib/gcc/arm-none-eabi/13.3.1/thumb/v7-m/nofp/crti.o
LOAD D:/ST/STM32CubeIDE_1.18.1/STM32CubeIDE/plugins/com.st.stm32cube.ide.mcu.externaltools.gnu-tools-for-stm32.13.3.rel1.win32_1.0.0.202411081344/tools/bin/../lib/gcc/arm-none-eabi/13.3.1/thumb/v7-m/nofp/crtbegin.o
LOAD D:/ST/STM32CubeIDE_1.18.1/STM32CubeIDE/plugins/com.st.stm32cube.ide.mcu.externaltools.gnu-tools-for-stm32.13.3.rel1.win32_1.0.0.202411081344/tools/bin/../lib/gcc/arm-none-eabi/13.3.1/../../../../arm-none-eabi/lib/thumb/v7-m/nofp/crt0.o
LOAD ./Core/Src/fsm_automatic.o
LOAD ./Core/Src/fsm_manual.o
LOAD ./Core/Src/fsm_setting.o
LOAD ./Core/Src/global.o
LOAD ./Core/Src/input_reading.o
LOAD ./Core/Src/led_7SEG.o
LOAD ./Core/Src/light_control.o
LOAD ./Core/Src/main.o
LOAD ./Core/Src/software_timer.o
LOAD ./Core/Src/stm32f1xx_hal_msp.o
LOAD ./Core/Src/stm32f1xx_it.o
LOAD ./Core/Src/syscalls.o
LOAD ./Core/Src/sysmem.o
LOAD ./Core/Src/system_stm32f1xx.o
LOAD ./Core/Src/unittest.o
LOAD ./Core/Startup/startup_stm32f103c8tx.o
LOAD ./Drivers/STM32F1xx_HAL_Driver/Src/stm32f1xx_hal.o
LOAD ./Drivers/STM32F1xx_HAL_Driver/Src/stm32f1xx_hal_cortex.o
LOAD ./Drivers/STM32F1xx_HAL_Driver/Src/stm32f1xx_hal_dma.o
LOAD ./Drivers/STM32F1xx_HAL_Driver/Src/stm32f1xx_hal_exti.o
LOAD ./Drivers/STM32F1xx_HAL_Driver/Src/stm32f1xx_hal_flash.o
LOAD ./Drivers/STM32F1xx_HAL_Driver/Src/stm32f1xx_hal_flash_ex.o
LOAD ./Drivers/STM32F1xx_HAL_Driver/Src/stm32f1xx_hal_gpio.o
LOAD ./Drivers/STM32F1xx_HAL_Driver/Src/stm32f1xx_hal_gpio_ex.o
LOAD ./Drivers/STM32F1xx_HAL_Driver/Src/stm32f1xx_hal_pwr.o
LOAD ./Drivers/STM32F1xx_HAL_Driver/Src/stm32f1xx_hal_rcc.o
LOAD ./Drivers/STM32F1xx_HAL_Driver/Src/stm32f1xx_hal_rcc_ex.o
LOAD ./Drivers/STM32F1xx_HAL_Driver/Src/stm32f1xx_hal_tim.o
LOAD ./Drivers/STM32F1xx_HAL_Driver/Src/stm32f1xx_hal_tim_ex.o
START GROUP
LOAD D:/ST/STM32CubeIDE_1.18.1/STM32CubeIDE/plugins/com.st.stm32cube.ide.mcu.externaltools.gnu-tools-for-stm32.13.3.rel1.win32_1.0.0.202411081344/tools/bin/../lib/gcc/arm-none-eabi/13.3.1/../../../../arm-none-eabi/lib/thumb/v7-m/nofp\libc_nano.a
LOAD D:/ST/STM32CubeIDE_1.18.1/STM32CubeIDE/plugins/com.st.stm32cube.ide.mcu.externaltools.gnu-tools-for-stm32.13.3.rel1.win32_1.0.0.202411081344/tools/bin/../lib/gcc/arm-none-eabi/13.3.1/../../../../arm-none-eabi/lib/thumb/v7-m/nofp\libm.a
END GROUP
START GROUP
LOAD D:/ST/STM32CubeIDE_1.18.1/STM32CubeIDE/plugins/com.st.stm32cube.ide.mcu.externaltools.gnu-tools-for-stm32.13.3.rel1.win32_1.0.0.202411081344/tools/bin/../lib/gcc/arm-none-eabi/13.3.1/thumb/v7-m/nofp\libgcc.a
LOAD D:/ST/STM32CubeIDE_1.18.1/STM32CubeIDE/plugins/com.st.stm32cube.ide.mcu.externaltools.gnu-tools-for-stm32.13.3.rel1.win32_1.0.0.202411081344/tools/bin/../lib/gcc/arm-none-eabi/13.3.1/../../../../arm-none-eabi/lib/thumb/v7-m/nofp\libc_nano.a
END GROUP
START GROUP
LOAD D:/ST/STM32CubeIDE_1.18.1/STM32CubeIDE/plugins/com.st.stm32cube.ide.mcu.externaltools.gnu-tools-for-stm32.13.3.rel1.win32_1.0.0.202411081344/tools/bin/../lib/gcc/arm-none-eabi/13.3.1/thumb/v7-m/nofp\libgcc.a
LOAD D:/ST/STM32CubeIDE_1.18.1/STM32CubeIDE/plugins/com.st.stm32cube.ide.mcu.externaltools.gnu-tools-for-stm32.13.3.rel1.win32_1.0.0.202411081344/tools/bin/../lib/gcc/arm-none-eabi/13.3.1/../../../../arm-none-eabi/lib/thumb/v7-m/nofp\libc_nano.a
LOAD D:/ST/STM32CubeIDE_1.18.1/STM32CubeIDE/plugins/com.st.stm32cube.ide.mcu.externaltools.gnu-tools-for-stm32.13.3.rel1.win32_1.0.0.202411081344/tools/bin/../lib/gcc/arm-none-eabi/13.3.1/../../../../arm-none-eabi/lib/thumb/v7-m/nofp\libnosys.a
END GROUP
START GROUP
LOAD D:/ST/STM32CubeIDE_1.18.1/STM32CubeIDE/plugins/com.st.stm32cube.ide.mcu.externaltools.gnu-tools-for-stm32.13.3.rel1.win32_1.0.0.202411081344/tools/bin/../lib/gcc/arm-none-eabi/13.3.1/thumb/v7-m/nofp\libgcc.a
LOAD D:/ST/STM32CubeIDE_1.18.1/STM32CubeIDE/plugins/com.st.stm32cube.ide.mcu.externaltools.gnu-tools-for-stm32.13.3.rel1.win32_1.0.0.202411081344/tools/bin/../lib/gcc/arm-none-eabi/13.3.1/../../../../arm-none-eabi/lib/thumb/v7-m/nofp\libc_nano.a
LOAD D:/ST/STM32CubeIDE_1.18.1/STM32CubeIDE/plugins/com.st.stm32cube.ide.mcu.externaltools.gnu-tools-for-stm32.13.3.rel1.win32_1.0.0.202411081344/tools/bin/../lib/gcc/arm-none-eabi/13.3.1/../../../../arm-none-eabi/lib/thumb/v7-m/nofp\libnosys.a
END GROUP
LOAD D:/ST/STM32CubeIDE_1.18.1/STM32CubeIDE/plugins/com.st.stm32cube.ide.mcu.externaltools.gnu-tools-for-stm32.13.3.rel1.win32_1.0.0.202411081344/tools/bin/../lib/gcc/arm-none-eabi/13.3.1/thumb/v7-m/nofp/crtend.o
LOAD D:/ST/STM32CubeIDE_1.18.1/STM32CubeIDE/plugins/com.st.stm32cube.ide.mcu.externaltools.gnu-tools-for-stm32.13.3.rel1.win32_1.0.0.202411081344/tools/bin/../lib/gcc/arm-none-eabi/13.3.1/thumb/v7-m/nofp/crtn.o
                0x20005000                        _estack = (ORIGIN (RAM) + LENGTH (RAM))
                0x00000200                        _Min_Heap_Size = 0x200
                0x00000400                        _Min_Stack_Size = 0x400

.isr_vector     0x08000000      0x10c
                0x08000000                        . = ALIGN (0x4)
 *(.isr_vector)
 .isr_vector    0x08000000      0x10c ./Core/Startup/startup_stm32f103c8tx.o
                0x08000000                g_pfnVectors
                0x0800010c                        . = ALIGN (0x4)

.text           0x0800010c     0x2a28
                0x0800010c                        . = ALIGN (0x4)
 *(.text)
 .text          0x0800010c       0x40 D:/ST/STM32CubeIDE_1.18.1/STM32CubeIDE/plugins/com.st.stm32cube.ide.mcu.externaltools.gnu-tools-for-stm32.13.3.rel1.win32_1.0.0.202411081344/tools/bin/../lib/gcc/arm-none-eabi/13.3.1/thumb/v7-m/nofp/crtbegin.o
 *(.text*)
 .text.count_second_by_timer7SEG_auto
                0x0800014c       0x44 ./Core/Src/fsm_automatic.o
                0x0800014c                count_second_by_timer7SEG_auto
 .text.fsm_automatic_run
                0x08000190      0x298 ./Core/Src/fsm_automatic.o
                0x08000190                fsm_automatic_run
 .text.fsm_manual_run
                0x08000428      0x180 ./Core/Src/fsm_manual.o
                0x08000428                fsm_manual_run
 .text.fsm_setting_run
                0x080005a8      0x168 ./Core/Src/fsm_setting.o
                0x080005a8                fsm_setting_run
 .text.check_timer_and_display_mode
                0x08000710       0x84 ./Core/Src/global.o
                0x08000710                check_timer_and_display_mode
 .text.getKeyInput
                0x08000794      0x154 ./Core/Src/input_reading.o
                0x08000794                getKeyInput
 .text.is_button_pressed
                0x080008e8       0x34 ./Core/Src/input_reading.o
                0x080008e8                is_button_pressed
 .text.display7SEG
                0x0800091c      0x320 ./Core/Src/led_7SEG.o
                0x0800091c                display7SEG
 .text.clearAll
                0x08000c3c       0x3c ./Core/Src/led_7SEG.o
                0x08000c3c                clearAll
 .text.turnOn_0
                0x08000c78       0x3c ./Core/Src/led_7SEG.o
                0x08000c78                turnOn_0
 .text.turnOn_1
                0x08000cb4       0x3c ./Core/Src/led_7SEG.o
                0x08000cb4                turnOn_1
 .text.turnOn_2
                0x08000cf0       0x3c ./Core/Src/led_7SEG.o
                0x08000cf0                turnOn_2
 .text.turnOn_3
                0x08000d2c       0x3c ./Core/Src/led_7SEG.o
                0x08000d2c                turnOn_3
 .text.display7SEG_X
                0x08000d68       0x68 ./Core/Src/led_7SEG.o
                0x08000d68                display7SEG_X
 .text.display7SEG_Y
                0x08000dd0       0x68 ./Core/Src/led_7SEG.o
                0x08000dd0                display7SEG_Y
 .text.blink_red
                0x08000e38       0x20 ./Core/Src/light_control.o
                0x08000e38                blink_red
 .text.blink_yellow
                0x08000e58       0x20 ./Core/Src/light_control.o
                0x08000e58                blink_yellow
 .text.blink_green
                0x08000e78       0x20 ./Core/Src/light_control.o
                0x08000e78                blink_green
 .text.clear_all_light
                0x08000e98       0x54 ./Core/Src/light_control.o
                0x08000e98                clear_all_light
 .text.red_light_X
                0x08000eec       0x30 ./Core/Src/light_control.o
                0x08000eec                red_light_X
 .text.red_light_Y
                0x08000f1c       0x30 ./Core/Src/light_control.o
                0x08000f1c                red_light_Y
 .text.yellow_light_X
                0x08000f4c       0x30 ./Core/Src/light_control.o
                0x08000f4c                yellow_light_X
 .text.yellow_light_Y
                0x08000f7c       0x30 ./Core/Src/light_control.o
                0x08000f7c                yellow_light_Y
 .text.green_light_X
                0x08000fac       0x30 ./Core/Src/light_control.o
                0x08000fac                green_light_X
 .text.green_light_Y
                0x08000fdc       0x30 ./Core/Src/light_control.o
                0x08000fdc                green_light_Y
 .text.main     0x0800100c       0x78 ./Core/Src/main.o
                0x0800100c                main
 .text.SystemClock_Config
                0x08001084       0x76 ./Core/Src/main.o
                0x08001084                SystemClock_Config
 *fill*         0x080010fa        0x2 
 .text.MX_TIM2_Init
                0x080010fc       0x98 ./Core/Src/main.o
 .text.MX_GPIO_Init
                0x08001194       0xc4 ./Core/Src/main.o
 .text.HAL_TIM_PeriodElapsedCallback
                0x08001258       0x34 ./Core/Src/main.o
                0x08001258                HAL_TIM_PeriodElapsedCallback
 .text.Error_Handler
                0x0800128c        0xc ./Core/Src/main.o
                0x0800128c                Error_Handler
 .text.setTimer
                0x08001298       0x3c ./Core/Src/software_timer.o
                0x08001298                setTimer
 .text.runTimer
                0x080012d4       0x50 ./Core/Src/software_timer.o
                0x080012d4                runTimer
 .text.HAL_MspInit
                0x08001324       0x64 ./Core/Src/stm32f1xx_hal_msp.o
                0x08001324                HAL_MspInit
 .text.HAL_TIM_Base_MspInit
                0x08001388       0x48 ./Core/Src/stm32f1xx_hal_msp.o
                0x08001388                HAL_TIM_Base_MspInit
 .text.NMI_Handler
                0x080013d0        0x8 ./Core/Src/stm32f1xx_it.o
                0x080013d0                NMI_Handler
 .text.HardFault_Handler
                0x080013d8        0x8 ./Core/Src/stm32f1xx_it.o
                0x080013d8                HardFault_Handler
 .text.MemManage_Handler
                0x080013e0        0x8 ./Core/Src/stm32f1xx_it.o
                0x080013e0                MemManage_Handler
 .text.BusFault_Handler
                0x080013e8        0x8 ./Core/Src/stm32f1xx_it.o
                0x080013e8                BusFault_Handler
 .text.UsageFault_Handler
                0x080013f0        0x8 ./Core/Src/stm32f1xx_it.o
                0x080013f0                UsageFault_Handler
 .text.SVC_Handler
                0x080013f8        0xc ./Core/Src/stm32f1xx_it.o
                0x080013f8                SVC_Handler
 .text.DebugMon_Handler
                0x08001404        0xc ./Core/Src/stm32f1xx_it.o
                0x08001404                DebugMon_Handler
 .text.PendSV_Handler
                0x08001410        0xc ./Core/Src/stm32f1xx_it.o
                0x08001410                PendSV_Handler
 .text.SysTick_Handler
                0x0800141c        0xc ./Core/Src/stm32f1xx_it.o
                0x0800141c                SysTick_Handler
 .text.TIM2_IRQHandler
                0x08001428       0x14 ./Core/Src/stm32f1xx_it.o
                0x08001428                TIM2_IRQHandler
 .text.SystemInit
                0x0800143c        0xc ./Core/Src/system_stm32f1xx.o
                0x0800143c                SystemInit
 .text.unittest_blink
                0x08001448       0x18 ./Core/Src/unittest.o
                0x08001448                unittest_blink
 .text.Reset_Handler
                0x08001460       0x48 ./Core/Startup/startup_stm32f103c8tx.o
                0x08001460                Reset_Handler
 .text.Default_Handler
                0x080014a8        0x2 ./Core/Startup/startup_stm32f103c8tx.o
                0x080014a8                RTC_Alarm_IRQHandler
                0x080014a8                EXTI2_IRQHandler
                0x080014a8                TIM1_CC_IRQHandler
                0x080014a8                PVD_IRQHandler
                0x080014a8                EXTI3_IRQHandler
                0x080014a8                EXTI0_IRQHandler
                0x080014a8                I2C2_EV_IRQHandler
                0x080014a8                ADC1_2_IRQHandler
                0x080014a8                SPI1_IRQHandler
                0x080014a8                TAMPER_IRQHandler
                0x080014a8                DMA1_Channel4_IRQHandler
                0x080014a8                USART3_IRQHandler
                0x080014a8                RTC_IRQHandler
                0x080014a8                DMA1_Channel7_IRQHandler
                0x080014a8                CAN1_RX1_IRQHandler
                0x080014a8                TIM4_IRQHandler
                0x080014a8                I2C1_EV_IRQHandler
                0x080014a8                DMA1_Channel6_IRQHandler
                0x080014a8                TIM3_IRQHandler
                0x080014a8                RCC_IRQHandler
                0x080014a8                TIM1_TRG_COM_IRQHandler
                0x080014a8                DMA1_Channel1_IRQHandler
                0x080014a8                Default_Handler
                0x080014a8                EXTI15_10_IRQHandler
                0x080014a8                EXTI9_5_IRQHandler
                0x080014a8                SPI2_IRQHandler
                0x080014a8                DMA1_Channel5_IRQHandler
                0x080014a8                EXTI4_IRQHandler
                0x080014a8                USB_LP_CAN1_RX0_IRQHandler
                0x080014a8                USB_HP_CAN1_TX_IRQHandler
                0x080014a8                DMA1_Channel3_IRQHandler
                0x080014a8                TIM1_UP_IRQHandler
                0x080014a8                WWDG_IRQHandler
                0x080014a8                TIM1_BRK_IRQHandler
                0x080014a8                EXTI1_IRQHandler
                0x080014a8                USART2_IRQHandler
                0x080014a8                I2C2_ER_IRQHandler
                0x080014a8                DMA1_Channel2_IRQHandler
                0x080014a8                CAN1_SCE_IRQHandler
                0x080014a8                FLASH_IRQHandler
                0x080014a8                USART1_IRQHandler
                0x080014a8                I2C1_ER_IRQHandler
                0x080014a8                USBWakeUp_IRQHandler
 *fill*         0x080014aa        0x2 
 .text.HAL_Init
                0x080014ac       0x2c ./Drivers/STM32F1xx_HAL_Driver/Src/stm32f1xx_hal.o
                0x080014ac                HAL_Init
 .text.HAL_InitTick
                0x080014d8       0x60 ./Drivers/STM32F1xx_HAL_Driver/Src/stm32f1xx_hal.o
                0x080014d8                HAL_InitTick
 .text.HAL_IncTick
                0x08001538       0x24 ./Drivers/STM32F1xx_HAL_Driver/Src/stm32f1xx_hal.o
                0x08001538                HAL_IncTick
 .text.HAL_GetTick
                0x0800155c       0x14 ./Drivers/STM32F1xx_HAL_Driver/Src/stm32f1xx_hal.o
                0x0800155c                HAL_GetTick
 .text.__NVIC_SetPriorityGrouping
                0x08001570       0x48 ./Drivers/STM32F1xx_HAL_Driver/Src/stm32f1xx_hal_cortex.o
 .text.__NVIC_GetPriorityGrouping
                0x080015b8       0x1c ./Drivers/STM32F1xx_HAL_Driver/Src/stm32f1xx_hal_cortex.o
 .text.__NVIC_EnableIRQ
                0x080015d4       0x38 ./Drivers/STM32F1xx_HAL_Driver/Src/stm32f1xx_hal_cortex.o
 .text.__NVIC_SetPriority
                0x0800160c       0x54 ./Drivers/STM32F1xx_HAL_Driver/Src/stm32f1xx_hal_cortex.o
 .text.NVIC_EncodePriority
                0x08001660       0x64 ./Drivers/STM32F1xx_HAL_Driver/Src/stm32f1xx_hal_cortex.o
 .text.SysTick_Config
                0x080016c4       0x44 ./Drivers/STM32F1xx_HAL_Driver/Src/stm32f1xx_hal_cortex.o
 .text.HAL_NVIC_SetPriorityGrouping
                0x08001708       0x16 ./Drivers/STM32F1xx_HAL_Driver/Src/stm32f1xx_hal_cortex.o
                0x08001708                HAL_NVIC_SetPriorityGrouping
 .text.HAL_NVIC_SetPriority
                0x0800171e       0x38 ./Drivers/STM32F1xx_HAL_Driver/Src/stm32f1xx_hal_cortex.o
                0x0800171e                HAL_NVIC_SetPriority
 .text.HAL_NVIC_EnableIRQ
                0x08001756       0x1c ./Drivers/STM32F1xx_HAL_Driver/Src/stm32f1xx_hal_cortex.o
                0x08001756                HAL_NVIC_EnableIRQ
 .text.HAL_SYSTICK_Config
                0x08001772       0x18 ./Drivers/STM32F1xx_HAL_Driver/Src/stm32f1xx_hal_cortex.o
                0x08001772                HAL_SYSTICK_Config
 *fill*         0x0800178a        0x2 
 .text.HAL_GPIO_Init
                0x0800178c      0x308 ./Drivers/STM32F1xx_HAL_Driver/Src/stm32f1xx_hal_gpio.o
                0x0800178c                HAL_GPIO_Init
 .text.HAL_GPIO_ReadPin
                0x08001a94       0x2e ./Drivers/STM32F1xx_HAL_Driver/Src/stm32f1xx_hal_gpio.o
                0x08001a94                HAL_GPIO_ReadPin
 .text.HAL_GPIO_WritePin
                0x08001ac2       0x30 ./Drivers/STM32F1xx_HAL_Driver/Src/stm32f1xx_hal_gpio.o
                0x08001ac2                HAL_GPIO_WritePin
 .text.HAL_GPIO_TogglePin
                0x08001af2       0x32 ./Drivers/STM32F1xx_HAL_Driver/Src/stm32f1xx_hal_gpio.o
                0x08001af2                HAL_GPIO_TogglePin
 .text.HAL_RCC_OscConfig
                0x08001b24      0x504 ./Drivers/STM32F1xx_HAL_Driver/Src/stm32f1xx_hal_rcc.o
                0x08001b24                HAL_RCC_OscConfig
 .text.HAL_RCC_ClockConfig
                0x08002028      0x1d4 ./Drivers/STM32F1xx_HAL_Driver/Src/stm32f1xx_hal_rcc.o
                0x08002028                HAL_RCC_ClockConfig
 .text.HAL_RCC_GetSysClockFreq
                0x080021fc       0xa8 ./Drivers/STM32F1xx_HAL_Driver/Src/stm32f1xx_hal_rcc.o
                0x080021fc                HAL_RCC_GetSysClockFreq
 .text.RCC_Delay
                0x080022a4       0x3c ./Drivers/STM32F1xx_HAL_Driver/Src/stm32f1xx_hal_rcc.o
 .text.HAL_TIM_Base_Init
                0x080022e0       0x9e ./Drivers/STM32F1xx_HAL_Driver/Src/stm32f1xx_hal_tim.o
                0x080022e0                HAL_TIM_Base_Init
 *fill*         0x0800237e        0x2 
 .text.HAL_TIM_Base_Start_IT
                0x08002380       0xa4 ./Drivers/STM32F1xx_HAL_Driver/Src/stm32f1xx_hal_tim.o
                0x08002380                HAL_TIM_Base_Start_IT
 .text.HAL_TIM_IRQHandler
                0x08002424      0x1e0 ./Drivers/STM32F1xx_HAL_Driver/Src/stm32f1xx_hal_tim.o
                0x08002424                HAL_TIM_IRQHandler
 .text.HAL_TIM_ConfigClockSource
                0x08002604      0x18e ./Drivers/STM32F1xx_HAL_Driver/Src/stm32f1xx_hal_tim.o
                0x08002604                HAL_TIM_ConfigClockSource
 .text.HAL_TIM_OC_DelayElapsedCallback
                0x08002792       0x12 ./Drivers/STM32F1xx_HAL_Driver/Src/stm32f1xx_hal_tim.o
                0x08002792                HAL_TIM_OC_DelayElapsedCallback
 .text.HAL_TIM_IC_CaptureCallback
                0x080027a4       0x12 ./Drivers/STM32F1xx_HAL_Driver/Src/stm32f1xx_hal_tim.o
                0x080027a4                HAL_TIM_IC_CaptureCallback
 .text.HAL_TIM_PWM_PulseFinishedCallback
                0x080027b6       0x12 ./Drivers/STM32F1xx_HAL_Driver/Src/stm32f1xx_hal_tim.o
                0x080027b6                HAL_TIM_PWM_PulseFinishedCallback
 .text.HAL_TIM_TriggerCallback
                0x080027c8       0x12 ./Drivers/STM32F1xx_HAL_Driver/Src/stm32f1xx_hal_tim.o
                0x080027c8                HAL_TIM_TriggerCallback
 *fill*         0x080027da        0x2 
 .text.TIM_Base_SetConfig
                0x080027dc       0xdc ./Drivers/STM32F1xx_HAL_Driver/Src/stm32f1xx_hal_tim.o
                0x080027dc                TIM_Base_SetConfig
 .text.TIM_TI1_ConfigInputStage
                0x080028b8       0x5c ./Drivers/STM32F1xx_HAL_Driver/Src/stm32f1xx_hal_tim.o
 .text.TIM_TI2_ConfigInputStage
                0x08002914       0x5e ./Drivers/STM32F1xx_HAL_Driver/Src/stm32f1xx_hal_tim.o
 .text.TIM_ITRx_SetConfig
                0x08002972       0x34 ./Drivers/STM32F1xx_HAL_Driver/Src/stm32f1xx_hal_tim.o
 .text.TIM_ETR_SetConfig
                0x080029a6       0x3e ./Drivers/STM32F1xx_HAL_Driver/Src/stm32f1xx_hal_tim.o
                0x080029a6                TIM_ETR_SetConfig
 .text.HAL_TIMEx_MasterConfigSynchronization
                0x080029e4       0xbc ./Drivers/STM32F1xx_HAL_Driver/Src/stm32f1xx_hal_tim_ex.o
                0x080029e4                HAL_TIMEx_MasterConfigSynchronization
 .text.HAL_TIMEx_CommutCallback
                0x08002aa0       0x12 ./Drivers/STM32F1xx_HAL_Driver/Src/stm32f1xx_hal_tim_ex.o
                0x08002aa0                HAL_TIMEx_CommutCallback
 .text.HAL_TIMEx_BreakCallback
                0x08002ab2       0x12 ./Drivers/STM32F1xx_HAL_Driver/Src/stm32f1xx_hal_tim_ex.o
                0x08002ab2                HAL_TIMEx_BreakCallback
 .text.memset   0x08002ac4       0x10 D:/ST/STM32CubeIDE_1.18.1/STM32CubeIDE/plugins/com.st.stm32cube.ide.mcu.externaltools.gnu-tools-for-stm32.13.3.rel1.win32_1.0.0.202411081344/tools/bin/../lib/gcc/arm-none-eabi/13.3.1/../../../../arm-none-eabi/lib/thumb/v7-m/nofp\libc_nano.a(libc_a-memset.o)
                0x08002ac4                memset
 .text.__libc_init_array
                0x08002ad4       0x48 D:/ST/STM32CubeIDE_1.18.1/STM32CubeIDE/plugins/com.st.stm32cube.ide.mcu.externaltools.gnu-tools-for-stm32.13.3.rel1.win32_1.0.0.202411081344/tools/bin/../lib/gcc/arm-none-eabi/13.3.1/../../../../arm-none-eabi/lib/thumb/v7-m/nofp\libc_nano.a(libc_a-init.o)
                0x08002ad4                __libc_init_array
 *(.glue_7)
 .glue_7        0x08002b1c        0x0 linker stubs
 *(.glue_7t)
 .glue_7t       0x08002b1c        0x0 linker stubs
 *(.eh_frame)
 .eh_frame      0x08002b1c        0x0 D:/ST/STM32CubeIDE_1.18.1/STM32CubeIDE/plugins/com.st.stm32cube.ide.mcu.externaltools.gnu-tools-for-stm32.13.3.rel1.win32_1.0.0.202411081344/tools/bin/../lib/gcc/arm-none-eabi/13.3.1/thumb/v7-m/nofp/crtbegin.o
 *(.init)
 .init          0x08002b1c        0x4 D:/ST/STM32CubeIDE_1.18.1/STM32CubeIDE/plugins/com.st.stm32cube.ide.mcu.externaltools.gnu-tools-for-stm32.13.3.rel1.win32_1.0.0.202411081344/tools/bin/../lib/gcc/arm-none-eabi/13.3.1/thumb/v7-m/nofp/crti.o
                0x08002b1c                _init
 .init          0x08002b20        0x8 D:/ST/STM32CubeIDE_1.18.1/STM32CubeIDE/plugins/com.st.stm32cube.ide.mcu.externaltools.gnu-tools-for-stm32.13.3.rel1.win32_1.0.0.202411081344/tools/bin/../lib/gcc/arm-none-eabi/13.3.1/thumb/v7-m/nofp/crtn.o
 *(.fini)
 .fini          0x08002b28        0x4 D:/ST/STM32CubeIDE_1.18.1/STM32CubeIDE/plugins/com.st.stm32cube.ide.mcu.externaltools.gnu-tools-for-stm32.13.3.rel1.win32_1.0.0.202411081344/tools/bin/../lib/gcc/arm-none-eabi/13.3.1/thumb/v7-m/nofp/crti.o
                0x08002b28                _fini
 .fini          0x08002b2c        0x8 D:/ST/STM32CubeIDE_1.18.1/STM32CubeIDE/plugins/com.st.stm32cube.ide.mcu.externaltools.gnu-tools-for-stm32.13.3.rel1.win32_1.0.0.202411081344/tools/bin/../lib/gcc/arm-none-eabi/13.3.1/thumb/v7-m/nofp/crtn.o
                0x08002b34                        . = ALIGN (0x4)
                0x08002b34                        _etext = .

.vfp11_veneer   0x08002b34        0x0
 .vfp11_veneer  0x08002b34        0x0 linker stubs

.v4_bx          0x08002b34        0x0
 .v4_bx         0x08002b34        0x0 linker stubs

.iplt           0x08002b34        0x0
 .iplt          0x08002b34        0x0 D:/ST/STM32CubeIDE_1.18.1/STM32CubeIDE/plugins/com.st.stm32cube.ide.mcu.externaltools.gnu-tools-for-stm32.13.3.rel1.win32_1.0.0.202411081344/tools/bin/../lib/gcc/arm-none-eabi/13.3.1/thumb/v7-m/nofp/crtbegin.o

.rodata         0x08002b34       0x24
                0x08002b34                        . = ALIGN (0x4)
 *(.rodata)
 *(.rodata*)
 .rodata.AHBPrescTable
                0x08002b34       0x10 ./Core/Src/system_stm32f1xx.o
                0x08002b34                AHBPrescTable
 .rodata.aPLLMULFactorTable.1
                0x08002b44       0x10 ./Drivers/STM32F1xx_HAL_Driver/Src/stm32f1xx_hal_rcc.o
 .rodata.aPredivFactorTable.0
                0x08002b54        0x2 ./Drivers/STM32F1xx_HAL_Driver/Src/stm32f1xx_hal_rcc.o
                0x08002b58                        . = ALIGN (0x4)
 *fill*         0x08002b56        0x2 

.ARM.extab      0x08002b58        0x0
                0x08002b58                        . = ALIGN (0x4)
 *(.ARM.extab* .gnu.linkonce.armextab.*)
                0x08002b58                        . = ALIGN (0x4)

.ARM            0x08002b58        0x0
                0x08002b58                        . = ALIGN (0x4)
                0x08002b58                        __exidx_start = .
 *(.ARM.exidx*)
                0x08002b58                        __exidx_end = .
                0x08002b58                        . = ALIGN (0x4)

.preinit_array  0x08002b58        0x0
                0x08002b58                        . = ALIGN (0x4)
                0x08002b58                        PROVIDE (__preinit_array_start = .)
 *(.preinit_array*)
                0x08002b58                        PROVIDE (__preinit_array_end = .)
                0x08002b58                        . = ALIGN (0x4)

.init_array     0x08002b58        0x4
                0x08002b58                        . = ALIGN (0x4)
                0x08002b58                        PROVIDE (__init_array_start = .)
 *(SORT_BY_NAME(.init_array.*))
 *(.init_array*)
 .init_array    0x08002b58        0x4 D:/ST/STM32CubeIDE_1.18.1/STM32CubeIDE/plugins/com.st.stm32cube.ide.mcu.externaltools.gnu-tools-for-stm32.13.3.rel1.win32_1.0.0.202411081344/tools/bin/../lib/gcc/arm-none-eabi/13.3.1/thumb/v7-m/nofp/crtbegin.o
                0x08002b5c                        PROVIDE (__init_array_end = .)
                0x08002b5c                        . = ALIGN (0x4)

.fini_array     0x08002b5c        0x4
                0x08002b5c                        . = ALIGN (0x4)
                [!provide]                        PROVIDE (__fini_array_start = .)
 *(SORT_BY_NAME(.fini_array.*))
 *(.fini_array*)
 .fini_array    0x08002b5c        0x4 D:/ST/STM32CubeIDE_1.18.1/STM32CubeIDE/plugins/com.st.stm32cube.ide.mcu.externaltools.gnu-tools-for-stm32.13.3.rel1.win32_1.0.0.202411081344/tools/bin/../lib/gcc/arm-none-eabi/13.3.1/thumb/v7-m/nofp/crtbegin.o
                [!provide]                        PROVIDE (__fini_array_end = .)
                0x08002b60                        . = ALIGN (0x4)
                0x08002b60                        _sidata = LOADADDR (.data)

.rel.dyn        0x08002b60        0x0
 .rel.iplt      0x08002b60        0x0 D:/ST/STM32CubeIDE_1.18.1/STM32CubeIDE/plugins/com.st.stm32cube.ide.mcu.externaltools.gnu-tools-for-stm32.13.3.rel1.win32_1.0.0.202411081344/tools/bin/../lib/gcc/arm-none-eabi/13.3.1/thumb/v7-m/nofp/crtbegin.o

.data           0x20000000       0x48 load address 0x08002b60
                0x20000000                        . = ALIGN (0x4)
                0x20000000                        _sdata = .
 *(.data)
 *(.data*)
 .data.led7seg_duration
                0x20000000        0x4 ./Core/Src/global.o
                0x20000000                led7seg_duration
 .data.TimeOutForKeyPress
                0x20000004        0x4 ./Core/Src/input_reading.o
                0x20000004                TimeOutForKeyPress
 .data.keyReg0  0x20000008        0xc ./Core/Src/input_reading.o
                0x20000008                keyReg0
 .data.keyReg1  0x20000014        0xc ./Core/Src/input_reading.o
                0x20000014                keyReg1
 .data.keyReg2  0x20000020        0xc ./Core/Src/input_reading.o
                0x20000020                keyReg2
 .data.keyReg3  0x2000002c        0xc ./Core/Src/input_reading.o
                0x2000002c                keyReg3
 .data.CYCLE_TIMER
                0x20000038        0x4 ./Core/Src/software_timer.o
                0x20000038                CYCLE_TIMER
 .data.SystemCoreClock
                0x2000003c        0x4 ./Core/Src/system_stm32f1xx.o
                0x2000003c                SystemCoreClock
 .data.uwTickPrio
                0x20000040        0x4 ./Drivers/STM32F1xx_HAL_Driver/Src/stm32f1xx_hal.o
                0x20000040                uwTickPrio
 .data.uwTickFreq
                0x20000044        0x1 ./Drivers/STM32F1xx_HAL_Driver/Src/stm32f1xx_hal.o
                0x20000044                uwTickFreq
 *(.RamFunc)
 *(.RamFunc*)
                0x20000048                        . = ALIGN (0x4)
 *fill*         0x20000045        0x3 
                0x20000048                        _edata = .

.igot.plt       0x20000048        0x0 load address 0x08002ba8
 .igot.plt      0x20000048        0x0 D:/ST/STM32CubeIDE_1.18.1/STM32CubeIDE/plugins/com.st.stm32cube.ide.mcu.externaltools.gnu-tools-for-stm32.13.3.rel1.win32_1.0.0.202411081344/tools/bin/../lib/gcc/arm-none-eabi/13.3.1/thumb/v7-m/nofp/crtbegin.o
                0x20000048                        . = ALIGN (0x4)

.bss            0x20000048       0xec load address 0x08002ba8
                0x20000048                        _sbss = .
                0x20000048                        __bss_start__ = _sbss
 *(.bss)
 .bss           0x20000048       0x1c D:/ST/STM32CubeIDE_1.18.1/STM32CubeIDE/plugins/com.st.stm32cube.ide.mcu.externaltools.gnu-tools-for-stm32.13.3.rel1.win32_1.0.0.202411081344/tools/bin/../lib/gcc/arm-none-eabi/13.3.1/thumb/v7-m/nofp/crtbegin.o
 *(.bss*)
 .bss.status    0x20000064        0x4 ./Core/Src/global.o
                0x20000064                status
 .bss.red_duration
                0x20000068        0x4 ./Core/Src/global.o
                0x20000068                red_duration
 .bss.green_duration
                0x2000006c        0x4 ./Core/Src/global.o
                0x2000006c                green_duration
 .bss.yellow_duration
                0x20000070        0x4 ./Core/Src/global.o
                0x20000070                yellow_duration
 .bss.red_edit  0x20000074        0x4 ./Core/Src/global.o
                0x20000074                red_edit
 .bss.yellow_edit
                0x20000078        0x4 ./Core/Src/global.o
                0x20000078                yellow_edit
 .bss.green_edit
                0x2000007c        0x4 ./Core/Src/global.o
                0x2000007c                green_edit
 .bss.light_countdown_X
                0x20000080        0x4 ./Core/Src/global.o
                0x20000080                light_countdown_X
 .bss.light_countdown_Y
                0x20000084        0x4 ./Core/Src/global.o
                0x20000084                light_countdown_Y
 .bss.count_for_led7seg
                0x20000088        0x4 ./Core/Src/global.o
                0x20000088                count_for_led7seg
 .bss.button_flag
                0x2000008c        0xc ./Core/Src/input_reading.o
                0x2000008c                button_flag
 .bss.htim2     0x20000098       0x48 ./Core/Src/main.o
                0x20000098                htim2
 .bss.flag_timer
                0x200000e0       0x28 ./Core/Src/software_timer.o
                0x200000e0                flag_timer
 .bss.timer_count
                0x20000108       0x28 ./Core/Src/software_timer.o
                0x20000108                timer_count
 .bss.uwTick    0x20000130        0x4 ./Drivers/STM32F1xx_HAL_Driver/Src/stm32f1xx_hal.o
                0x20000130                uwTick
 *(COMMON)
                0x20000134                        . = ALIGN (0x4)
                0x20000134                        _ebss = .
                0x20000134                        __bss_end__ = _ebss

._user_heap_stack
                0x20000134      0x604 load address 0x08002ba8
                0x20000138                        . = ALIGN (0x8)
 *fill*         0x20000134        0x4 
                [!provide]                        PROVIDE (end = .)
                0x20000138                        PROVIDE (_end = .)
                0x20000338                        . = (. + _Min_Heap_Size)
 *fill*         0x20000138      0x200 
                0x20000738                        . = (. + _Min_Stack_Size)
 *fill*         0x20000338      0x400 
                0x20000738                        . = ALIGN (0x8)

/DISCARD/
 libc.a(*)
 libm.a(*)
 libgcc.a(*)

.ARM.attributes
                0x00000000       0x29
 *(.ARM.attributes)
 .ARM.attributes
                0x00000000       0x1d D:/ST/STM32CubeIDE_1.18.1/STM32CubeIDE/plugins/com.st.stm32cube.ide.mcu.externaltools.gnu-tools-for-stm32.13.3.rel1.win32_1.0.0.202411081344/tools/bin/../lib/gcc/arm-none-eabi/13.3.1/thumb/v7-m/nofp/crti.o
 .ARM.attributes
                0x0000001d       0x2d D:/ST/STM32CubeIDE_1.18.1/STM32CubeIDE/plugins/com.st.stm32cube.ide.mcu.externaltools.gnu-tools-for-stm32.13.3.rel1.win32_1.0.0.202411081344/tools/bin/../lib/gcc/arm-none-eabi/13.3.1/thumb/v7-m/nofp/crtbegin.o
 .ARM.attributes
                0x0000004a       0x2d ./Core/Src/fsm_automatic.o
 .ARM.attributes
                0x00000077       0x2d ./Core/Src/fsm_manual.o
 .ARM.attributes
                0x000000a4       0x2d ./Core/Src/fsm_setting.o
 .ARM.attributes
                0x000000d1       0x2d ./Core/Src/global.o
 .ARM.attributes
                0x000000fe       0x2d ./Core/Src/input_reading.o
 .ARM.attributes
                0x0000012b       0x2d ./Core/Src/led_7SEG.o
 .ARM.attributes
                0x00000158       0x2d ./Core/Src/light_control.o
 .ARM.attributes
                0x00000185       0x2d ./Core/Src/main.o
 .ARM.attributes
                0x000001b2       0x2d ./Core/Src/software_timer.o
 .ARM.attributes
                0x000001df       0x2d ./Core/Src/stm32f1xx_hal_msp.o
 .ARM.attributes
                0x0000020c       0x2d ./Core/Src/stm32f1xx_it.o
 .ARM.attributes
                0x00000239       0x2d ./Core/Src/system_stm32f1xx.o
 .ARM.attributes
                0x00000266       0x2d ./Core/Src/unittest.o
 .ARM.attributes
                0x00000293       0x21 ./Core/Startup/startup_stm32f103c8tx.o
 .ARM.attributes
                0x000002b4       0x2d ./Drivers/STM32F1xx_HAL_Driver/Src/stm32f1xx_hal.o
 .ARM.attributes
                0x000002e1       0x2d ./Drivers/STM32F1xx_HAL_Driver/Src/stm32f1xx_hal_cortex.o
 .ARM.attributes
                0x0000030e       0x2d ./Drivers/STM32F1xx_HAL_Driver/Src/stm32f1xx_hal_gpio.o
 .ARM.attributes
                0x0000033b       0x2d ./Drivers/STM32F1xx_HAL_Driver/Src/stm32f1xx_hal_rcc.o
 .ARM.attributes
                0x00000368       0x2d ./Drivers/STM32F1xx_HAL_Driver/Src/stm32f1xx_hal_tim.o
 .ARM.attributes
                0x00000395       0x2d ./Drivers/STM32F1xx_HAL_Driver/Src/stm32f1xx_hal_tim_ex.o
 .ARM.attributes
                0x000003c2       0x2d D:/ST/STM32CubeIDE_1.18.1/STM32CubeIDE/plugins/com.st.stm32cube.ide.mcu.externaltools.gnu-tools-for-stm32.13.3.rel1.win32_1.0.0.202411081344/tools/bin/../lib/gcc/arm-none-eabi/13.3.1/../../../../arm-none-eabi/lib/thumb/v7-m/nofp\libc_nano.a(libc_a-memset.o)
 .ARM.attributes
                0x000003ef       0x2d D:/ST/STM32CubeIDE_1.18.1/STM32CubeIDE/plugins/com.st.stm32cube.ide.mcu.externaltools.gnu-tools-for-stm32.13.3.rel1.win32_1.0.0.202411081344/tools/bin/../lib/gcc/arm-none-eabi/13.3.1/../../../../arm-none-eabi/lib/thumb/v7-m/nofp\libc_nano.a(libc_a-init.o)
 .ARM.attributes
                0x0000041c       0x1d D:/ST/STM32CubeIDE_1.18.1/STM32CubeIDE/plugins/com.st.stm32cube.ide.mcu.externaltools.gnu-tools-for-stm32.13.3.rel1.win32_1.0.0.202411081344/tools/bin/../lib/gcc/arm-none-eabi/13.3.1/thumb/v7-m/nofp/crtn.o
OUTPUT(Light_Traffic_FSM.elf elf32-littlearm)
LOAD linker stubs
LOAD D:/ST/STM32CubeIDE_1.18.1/STM32CubeIDE/plugins/com.st.stm32cube.ide.mcu.externaltools.gnu-tools-for-stm32.13.3.rel1.win32_1.0.0.202411081344/tools/bin/../lib/gcc/arm-none-eabi/13.3.1/../../../../arm-none-eabi/lib/thumb/v7-m/nofp\libc.a
LOAD D:/ST/STM32CubeIDE_1.18.1/STM32CubeIDE/plugins/com.st.stm32cube.ide.mcu.externaltools.gnu-tools-for-stm32.13.3.rel1.win32_1.0.0.202411081344/tools/bin/../lib/gcc/arm-none-eabi/13.3.1/../../../../arm-none-eabi/lib/thumb/v7-m/nofp\libm.a
LOAD D:/ST/STM32CubeIDE_1.18.1/STM32CubeIDE/plugins/com.st.stm32cube.ide.mcu.externaltools.gnu-tools-for-stm32.13.3.rel1.win32_1.0.0.202411081344/tools/bin/../lib/gcc/arm-none-eabi/13.3.1/thumb/v7-m/nofp\libgcc.a

.debug_info     0x00000000     0x8a57
 .debug_info    0x00000000      0x1b6 ./Core/Src/fsm_automatic.o
 .debug_info    0x000001b6      0x124 ./Core/Src/fsm_manual.o
 .debug_info    0x000002da      0x11c ./Core/Src/fsm_setting.o
 .debug_info    0x000003f6      0x207 ./Core/Src/global.o
 .debug_info    0x000005fd      0x235 ./Core/Src/input_reading.o
 .debug_info    0x00000832      0x26e ./Core/Src/led_7SEG.o
 .debug_info    0x00000aa0      0x22a ./Core/Src/light_control.o
 .debug_info    0x00000cca      0xc05 ./Core/Src/main.o
 .debug_info    0x000018cf      0x116 ./Core/Src/software_timer.o
 .debug_info    0x000019e5      0x938 ./Core/Src/stm32f1xx_hal_msp.o
 .debug_info    0x0000231d      0x6a1 ./Core/Src/stm32f1xx_it.o
 .debug_info    0x000029be      0x222 ./Core/Src/system_stm32f1xx.o
 .debug_info    0x00002be0      0x148 ./Core/Src/unittest.o
 .debug_info    0x00002d28       0x30 ./Core/Startup/startup_stm32f103c8tx.o
 .debug_info    0x00002d58      0x704 ./Drivers/STM32F1xx_HAL_Driver/Src/stm32f1xx_hal.o
 .debug_info    0x0000345c      0xa87 ./Drivers/STM32F1xx_HAL_Driver/Src/stm32f1xx_hal_cortex.o
 .debug_info    0x00003ee3      0x5ab ./Drivers/STM32F1xx_HAL_Driver/Src/stm32f1xx_hal_gpio.o
 .debug_info    0x0000448e      0x7d5 ./Drivers/STM32F1xx_HAL_Driver/Src/stm32f1xx_hal_rcc.o
 .debug_info    0x00004c63     0x2959 ./Drivers/STM32F1xx_HAL_Driver/Src/stm32f1xx_hal_tim.o
 .debug_info    0x000075bc     0x149b ./Drivers/STM32F1xx_HAL_Driver/Src/stm32f1xx_hal_tim_ex.o

.debug_abbrev   0x00000000     0x1db1
 .debug_abbrev  0x00000000       0xe3 ./Core/Src/fsm_automatic.o
 .debug_abbrev  0x000000e3       0xa1 ./Core/Src/fsm_manual.o
 .debug_abbrev  0x00000184       0x8e ./Core/Src/fsm_setting.o
 .debug_abbrev  0x00000212       0xc1 ./Core/Src/global.o
 .debug_abbrev  0x000002d3      0x148 ./Core/Src/input_reading.o
 .debug_abbrev  0x0000041b      0x15a ./Core/Src/led_7SEG.o
 .debug_abbrev  0x00000575       0xf0 ./Core/Src/light_control.o
 .debug_abbrev  0x00000665      0x2bd ./Core/Src/main.o
 .debug_abbrev  0x00000922       0xbb ./Core/Src/software_timer.o
 .debug_abbrev  0x000009dd      0x1ad ./Core/Src/stm32f1xx_hal_msp.o
 .debug_abbrev  0x00000b8a      0x191 ./Core/Src/stm32f1xx_it.o
 .debug_abbrev  0x00000d1b      0x13f ./Core/Src/system_stm32f1xx.o
 .debug_abbrev  0x00000e5a       0xc4 ./Core/Src/unittest.o
 .debug_abbrev  0x00000f1e       0x24 ./Core/Startup/startup_stm32f103c8tx.o
 .debug_abbrev  0x00000f42      0x201 ./Drivers/STM32F1xx_HAL_Driver/Src/stm32f1xx_hal.o
 .debug_abbrev  0x00001143      0x2f8 ./Drivers/STM32F1xx_HAL_Driver/Src/stm32f1xx_hal_cortex.o
 .debug_abbrev  0x0000143b      0x1ca ./Drivers/STM32F1xx_HAL_Driver/Src/stm32f1xx_hal_gpio.o
 .debug_abbrev  0x00001605      0x2b3 ./Drivers/STM32F1xx_HAL_Driver/Src/stm32f1xx_hal_rcc.o
 .debug_abbrev  0x000018b8      0x277 ./Drivers/STM32F1xx_HAL_Driver/Src/stm32f1xx_hal_tim.o
 .debug_abbrev  0x00001b2f      0x282 ./Drivers/STM32F1xx_HAL_Driver/Src/stm32f1xx_hal_tim_ex.o

.debug_aranges  0x00000000      0xae8
 .debug_aranges
                0x00000000       0x28 ./Core/Src/fsm_automatic.o
 .debug_aranges
                0x00000028       0x20 ./Core/Src/fsm_manual.o
 .debug_aranges
                0x00000048       0x20 ./Core/Src/fsm_setting.o
 .debug_aranges
                0x00000068       0x20 ./Core/Src/global.o
 .debug_aranges
                0x00000088       0x28 ./Core/Src/input_reading.o
 .debug_aranges
                0x000000b0       0x58 ./Core/Src/led_7SEG.o
 .debug_aranges
                0x00000108       0x68 ./Core/Src/light_control.o
 .debug_aranges
                0x00000170       0x48 ./Core/Src/main.o
 .debug_aranges
                0x000001b8       0x28 ./Core/Src/software_timer.o
 .debug_aranges
                0x000001e0       0x30 ./Core/Src/stm32f1xx_hal_msp.o
 .debug_aranges
                0x00000210       0x68 ./Core/Src/stm32f1xx_it.o
 .debug_aranges
                0x00000278       0x28 ./Core/Src/system_stm32f1xx.o
 .debug_aranges
                0x000002a0       0x20 ./Core/Src/unittest.o
 .debug_aranges
                0x000002c0       0x28 ./Core/Startup/startup_stm32f103c8tx.o
 .debug_aranges
                0x000002e8       0xe0 ./Drivers/STM32F1xx_HAL_Driver/Src/stm32f1xx_hal.o
 .debug_aranges
                0x000003c8      0x100 ./Drivers/STM32F1xx_HAL_Driver/Src/stm32f1xx_hal_cortex.o
 .debug_aranges
                0x000004c8       0x58 ./Drivers/STM32F1xx_HAL_Driver/Src/stm32f1xx_hal_gpio.o
 .debug_aranges
                0x00000520       0x90 ./Drivers/STM32F1xx_HAL_Driver/Src/stm32f1xx_hal_rcc.o
 .debug_aranges
                0x000005b0      0x3d0 ./Drivers/STM32F1xx_HAL_Driver/Src/stm32f1xx_hal_tim.o
 .debug_aranges
                0x00000980      0x168 ./Drivers/STM32F1xx_HAL_Driver/Src/stm32f1xx_hal_tim_ex.o

.debug_rnglists
                0x00000000      0x839
 .debug_rnglists
                0x00000000       0x1a ./Core/Src/fsm_automatic.o
 .debug_rnglists
                0x0000001a       0x14 ./Core/Src/fsm_manual.o
 .debug_rnglists
                0x0000002e       0x14 ./Core/Src/fsm_setting.o
 .debug_rnglists
                0x00000042       0x14 ./Core/Src/global.o
 .debug_rnglists
                0x00000056       0x1a ./Core/Src/input_reading.o
 .debug_rnglists
                0x00000070       0x3e ./Core/Src/led_7SEG.o
 .debug_rnglists
                0x000000ae       0x49 ./Core/Src/light_control.o
 .debug_rnglists
                0x000000f7       0x33 ./Core/Src/main.o
 .debug_rnglists
                0x0000012a       0x19 ./Core/Src/software_timer.o
 .debug_rnglists
                0x00000143       0x1f ./Core/Src/stm32f1xx_hal_msp.o
 .debug_rnglists
                0x00000162       0x49 ./Core/Src/stm32f1xx_it.o
 .debug_rnglists
                0x000001ab       0x1a ./Core/Src/system_stm32f1xx.o
 .debug_rnglists
                0x000001c5       0x13 ./Core/Src/unittest.o
 .debug_rnglists
                0x000001d8       0x19 ./Core/Startup/startup_stm32f103c8tx.o
 .debug_rnglists
                0x000001f1       0xa3 ./Drivers/STM32F1xx_HAL_Driver/Src/stm32f1xx_hal.o
 .debug_rnglists
                0x00000294       0xbb ./Drivers/STM32F1xx_HAL_Driver/Src/stm32f1xx_hal_cortex.o
 .debug_rnglists
                0x0000034f       0x3f ./Drivers/STM32F1xx_HAL_Driver/Src/stm32f1xx_hal_gpio.o
 .debug_rnglists
                0x0000038e       0x6c ./Drivers/STM32F1xx_HAL_Driver/Src/stm32f1xx_hal_rcc.o
 .debug_rnglists
                0x000003fa      0x31a ./Drivers/STM32F1xx_HAL_Driver/Src/stm32f1xx_hal_tim.o
 .debug_rnglists
                0x00000714      0x125 ./Drivers/STM32F1xx_HAL_Driver/Src/stm32f1xx_hal_tim_ex.o

.debug_macro    0x00000000    0x17972
 .debug_macro   0x00000000      0x1f5 ./Core/Src/fsm_automatic.o
 .debug_macro   0x000001f5      0xacc ./Core/Src/fsm_automatic.o
 .debug_macro   0x00000cc1      0x215 ./Core/Src/fsm_automatic.o
 .debug_macro   0x00000ed6       0x2e ./Core/Src/fsm_automatic.o
 .debug_macro   0x00000f04       0x22 ./Core/Src/fsm_automatic.o
 .debug_macro   0x00000f26       0x22 ./Core/Src/fsm_automatic.o
 .debug_macro   0x00000f48       0x8e ./Core/Src/fsm_automatic.o
 .debug_macro   0x00000fd6       0x51 ./Core/Src/fsm_automatic.o
 .debug_macro   0x00001027      0x103 ./Core/Src/fsm_automatic.o
 .debug_macro   0x0000112a       0x6a ./Core/Src/fsm_automatic.o
 .debug_macro   0x00001194      0x1df ./Core/Src/fsm_automatic.o
 .debug_macro   0x00001373       0x1c ./Core/Src/fsm_automatic.o
 .debug_macro   0x0000138f       0x22 ./Core/Src/fsm_automatic.o
 .debug_macro   0x000013b1       0xbd ./Core/Src/fsm_automatic.o
 .debug_macro   0x0000146e      0xd23 ./Core/Src/fsm_automatic.o
 .debug_macro   0x00002191     0xe09e ./Core/Src/fsm_automatic.o
 .debug_macro   0x0001022f       0x6d ./Core/Src/fsm_automatic.o
 .debug_macro   0x0001029c     0x34a2 ./Core/Src/fsm_automatic.o
 .debug_macro   0x0001373e      0x190 ./Core/Src/fsm_automatic.o
 .debug_macro   0x000138ce       0x5c ./Core/Src/fsm_automatic.o
 .debug_macro   0x0001392a      0x5bc ./Core/Src/fsm_automatic.o
 .debug_macro   0x00013ee6      0x289 ./Core/Src/fsm_automatic.o
 .debug_macro   0x0001416f      0x1cb ./Core/Src/fsm_automatic.o
 .debug_macro   0x0001433a      0x114 ./Core/Src/fsm_automatic.o
 .debug_macro   0x0001444e      0x1b2 ./Core/Src/fsm_automatic.o
 .debug_macro   0x00014600       0x27 ./Core/Src/fsm_automatic.o
 .debug_macro   0x00014627      0x136 ./Core/Src/fsm_automatic.o
 .debug_macro   0x0001475d      0x1bc ./Core/Src/fsm_automatic.o
 .debug_macro   0x00014919       0x34 ./Core/Src/fsm_automatic.o
 .debug_macro   0x0001494d       0x3c ./Core/Src/fsm_automatic.o
 .debug_macro   0x00014989       0x57 ./Core/Src/fsm_automatic.o
 .debug_macro   0x000149e0       0x87 ./Core/Src/fsm_automatic.o
 .debug_macro   0x00014a67      0x240 ./Core/Src/fsm_automatic.o
 .debug_macro   0x00014ca7      0x140 ./Core/Src/fsm_automatic.o
 .debug_macro   0x00014de7      0x8ed ./Core/Src/fsm_automatic.o
 .debug_macro   0x000156d4       0x83 ./Core/Src/fsm_automatic.o
 .debug_macro   0x00015757      0x100 ./Core/Src/fsm_automatic.o
 .debug_macro   0x00015857       0x10 ./Core/Src/fsm_automatic.o
 .debug_macro   0x00015867       0x16 ./Core/Src/fsm_automatic.o
 .debug_macro   0x0001587d       0x58 ./Core/Src/fsm_automatic.o
 .debug_macro   0x000158d5      0x1f5 ./Core/Src/fsm_manual.o
 .debug_macro   0x00015aca      0x1f5 ./Core/Src/fsm_setting.o
 .debug_macro   0x00015cbf      0x1eb ./Core/Src/global.o
 .debug_macro   0x00015eaa      0x1fb ./Core/Src/input_reading.o
 .debug_macro   0x000160a5       0x10 ./Core/Src/input_reading.o
 .debug_macro   0x000160b5      0x1ef ./Core/Src/led_7SEG.o
 .debug_macro   0x000162a4      0x1ef ./Core/Src/light_control.o
 .debug_macro   0x00016493      0x20d ./Core/Src/main.o
 .debug_macro   0x000166a0      0x1b8 ./Core/Src/software_timer.o
 .debug_macro   0x00016858      0x1a8 ./Core/Src/stm32f1xx_hal_msp.o
 .debug_macro   0x00016a00      0x1b2 ./Core/Src/stm32f1xx_it.o
 .debug_macro   0x00016bb2      0x199 ./Core/Src/system_stm32f1xx.o
 .debug_macro   0x00016d4b      0x1ef ./Core/Src/unittest.o
 .debug_macro   0x00016f3a      0x1bd ./Drivers/STM32F1xx_HAL_Driver/Src/stm32f1xx_hal.o
 .debug_macro   0x000170f7      0x199 ./Drivers/STM32F1xx_HAL_Driver/Src/stm32f1xx_hal_cortex.o
 .debug_macro   0x00017290      0x204 ./Drivers/STM32F1xx_HAL_Driver/Src/stm32f1xx_hal_gpio.o
 .debug_macro   0x00017494      0x1ab ./Drivers/STM32F1xx_HAL_Driver/Src/stm32f1xx_hal_rcc.o
 .debug_macro   0x0001763f      0x19a ./Drivers/STM32F1xx_HAL_Driver/Src/stm32f1xx_hal_tim.o
 .debug_macro   0x000177d9      0x199 ./Drivers/STM32F1xx_HAL_Driver/Src/stm32f1xx_hal_tim_ex.o

.debug_line     0x00000000     0xe063
 .debug_line    0x00000000      0x863 ./Core/Src/fsm_automatic.o
 .debug_line    0x00000863      0x7f4 ./Core/Src/fsm_manual.o
 .debug_line    0x00001057      0x7f7 ./Core/Src/fsm_setting.o
 .debug_line    0x0000184e      0x76a ./Core/Src/global.o
 .debug_line    0x00001fb8      0x83c ./Core/Src/input_reading.o
 .debug_line    0x000027f4      0x86f ./Core/Src/led_7SEG.o
 .debug_line    0x00003063      0x820 ./Core/Src/light_control.o
 .debug_line    0x00003883      0x8d1 ./Core/Src/main.o
 .debug_line    0x00004154      0x723 ./Core/Src/software_timer.o
 .debug_line    0x00004877      0x720 ./Core/Src/stm32f1xx_hal_msp.o
 .debug_line    0x00004f97      0x7ab ./Core/Src/stm32f1xx_it.o
 .debug_line    0x00005742      0x763 ./Core/Src/system_stm32f1xx.o
 .debug_line    0x00005ea5      0x73c ./Core/Src/unittest.o
 .debug_line    0x000065e1       0x78 ./Core/Startup/startup_stm32f103c8tx.o
 .debug_line    0x00006659      0x994 ./Drivers/STM32F1xx_HAL_Driver/Src/stm32f1xx_hal.o
 .debug_line    0x00006fed      0xb5e ./Drivers/STM32F1xx_HAL_Driver/Src/stm32f1xx_hal_cortex.o
 .debug_line    0x00007b4b      0x9f1 ./Drivers/STM32F1xx_HAL_Driver/Src/stm32f1xx_hal_gpio.o
 .debug_line    0x0000853c      0xe4d ./Drivers/STM32F1xx_HAL_Driver/Src/stm32f1xx_hal_rcc.o
 .debug_line    0x00009389     0x3482 ./Drivers/STM32F1xx_HAL_Driver/Src/stm32f1xx_hal_tim.o
 .debug_line    0x0000c80b     0x1858 ./Drivers/STM32F1xx_HAL_Driver/Src/stm32f1xx_hal_tim_ex.o

.debug_str      0x00000000    0x84ae6
 .debug_str     0x00000000    0x84ae6 ./Core/Src/fsm_automatic.o
                              0x8215f (size before relaxing)
 .debug_str     0x00084ae6    0x8209c ./Core/Src/fsm_manual.o
 .debug_str     0x00084ae6    0x8208f ./Core/Src/fsm_setting.o
 .debug_str     0x00084ae6    0x820e2 ./Core/Src/global.o
 .debug_str     0x00084ae6    0x820cc ./Core/Src/input_reading.o
 .debug_str     0x00084ae6    0x820c0 ./Core/Src/led_7SEG.o
 .debug_str     0x00084ae6    0x820ea ./Core/Src/light_control.o
 .debug_str     0x00084ae6    0x8294f ./Core/Src/main.o
 .debug_str     0x00084ae6    0x81ecb ./Core/Src/software_timer.o
 .debug_str     0x00084ae6    0x82704 ./Core/Src/stm32f1xx_hal_msp.o
 .debug_str     0x00084ae6    0x82405 ./Core/Src/stm32f1xx_it.o
 .debug_str     0x00084ae6    0x81b6c ./Core/Src/system_stm32f1xx.o
 .debug_str     0x00084ae6    0x8202d ./Core/Src/unittest.o
 .debug_str     0x00084ae6       0x95 ./Core/Startup/startup_stm32f103c8tx.o
 .debug_str     0x00084ae6    0x8229f ./Drivers/STM32F1xx_HAL_Driver/Src/stm32f1xx_hal.o
 .debug_str     0x00084ae6    0x821eb ./Drivers/STM32F1xx_HAL_Driver/Src/stm32f1xx_hal_cortex.o
 .debug_str     0x00084ae6    0x81ef2 ./Drivers/STM32F1xx_HAL_Driver/Src/stm32f1xx_hal_gpio.o
 .debug_str     0x00084ae6    0x81f9b ./Drivers/STM32F1xx_HAL_Driver/Src/stm32f1xx_hal_rcc.o
 .debug_str     0x00084ae6    0x82f9d ./Drivers/STM32F1xx_HAL_Driver/Src/stm32f1xx_hal_tim.o
 .debug_str     0x00084ae6    0x827a9 ./Drivers/STM32F1xx_HAL_Driver/Src/stm32f1xx_hal_tim_ex.o

.comment        0x00000000       0x43
 .comment       0x00000000       0x43 ./Core/Src/fsm_automatic.o
                                 0x44 (size before relaxing)
 .comment       0x00000043       0x44 ./Core/Src/fsm_manual.o
 .comment       0x00000043       0x44 ./Core/Src/fsm_setting.o
 .comment       0x00000043       0x44 ./Core/Src/global.o
 .comment       0x00000043       0x44 ./Core/Src/input_reading.o
 .comment       0x00000043       0x44 ./Core/Src/led_7SEG.o
 .comment       0x00000043       0x44 ./Core/Src/light_control.o
 .comment       0x00000043       0x44 ./Core/Src/main.o
 .comment       0x00000043       0x44 ./Core/Src/software_timer.o
 .comment       0x00000043       0x44 ./Core/Src/stm32f1xx_hal_msp.o
 .comment       0x00000043       0x44 ./Core/Src/stm32f1xx_it.o
 .comment       0x00000043       0x44 ./Core/Src/system_stm32f1xx.o
 .comment       0x00000043       0x44 ./Core/Src/unittest.o
 .comment       0x00000043       0x44 ./Drivers/STM32F1xx_HAL_Driver/Src/stm32f1xx_hal.o
 .comment       0x00000043       0x44 ./Drivers/STM32F1xx_HAL_Driver/Src/stm32f1xx_hal_cortex.o
 .comment       0x00000043       0x44 ./Drivers/STM32F1xx_HAL_Driver/Src/stm32f1xx_hal_gpio.o
 .comment       0x00000043       0x44 ./Drivers/STM32F1xx_HAL_Driver/Src/stm32f1xx_hal_rcc.o
 .comment       0x00000043       0x44 ./Drivers/STM32F1xx_HAL_Driver/Src/stm32f1xx_hal_tim.o
 .comment       0x00000043       0x44 ./Drivers/STM32F1xx_HAL_Driver/Src/stm32f1xx_hal_tim_ex.o

.debug_frame    0x00000000     0x29bc
 .debug_frame   0x00000000       0x4c ./Core/Src/fsm_automatic.o
 .debug_frame   0x0000004c       0x2c ./Core/Src/fsm_manual.o
 .debug_frame   0x00000078       0x2c ./Core/Src/fsm_setting.o
 .debug_frame   0x000000a4       0x34 ./Core/Src/global.o
 .debug_frame   0x000000d8       0x5c ./Core/Src/input_reading.o
 .debug_frame   0x00000134      0x10c ./Core/Src/led_7SEG.o
 .debug_frame   0x00000240      0x128 ./Core/Src/light_control.o
 .debug_frame   0x00000368       0xd4 ./Core/Src/main.o
 .debug_frame   0x0000043c       0x60 ./Core/Src/software_timer.o
 .debug_frame   0x0000049c       0x80 ./Core/Src/stm32f1xx_hal_msp.o
 .debug_frame   0x0000051c      0x120 ./Core/Src/stm32f1xx_it.o
 .debug_frame   0x0000063c       0x58 ./Core/Src/system_stm32f1xx.o
 .debug_frame   0x00000694       0x2c ./Core/Src/unittest.o
 .debug_frame   0x000006c0      0x334 ./Drivers/STM32F1xx_HAL_Driver/Src/stm32f1xx_hal.o
 .debug_frame   0x000009f4      0x428 ./Drivers/STM32F1xx_HAL_Driver/Src/stm32f1xx_hal_cortex.o
 .debug_frame   0x00000e1c      0x14c ./Drivers/STM32F1xx_HAL_Driver/Src/stm32f1xx_hal_gpio.o
 .debug_frame   0x00000f68      0x218 ./Drivers/STM32F1xx_HAL_Driver/Src/stm32f1xx_hal_rcc.o
 .debug_frame   0x00001180     0x11b8 ./Drivers/STM32F1xx_HAL_Driver/Src/stm32f1xx_hal_tim.o
 .debug_frame   0x00002338      0x638 ./Drivers/STM32F1xx_HAL_Driver/Src/stm32f1xx_hal_tim_ex.o
 .debug_frame   0x00002970       0x20 D:/ST/STM32CubeIDE_1.18.1/STM32CubeIDE/plugins/com.st.stm32cube.ide.mcu.externaltools.gnu-tools-for-stm32.13.3.rel1.win32_1.0.0.202411081344/tools/bin/../lib/gcc/arm-none-eabi/13.3.1/../../../../arm-none-eabi/lib/thumb/v7-m/nofp\libc_nano.a(libc_a-memset.o)
 .debug_frame   0x00002990       0x2c D:/ST/STM32CubeIDE_1.18.1/STM32CubeIDE/plugins/com.st.stm32cube.ide.mcu.externaltools.gnu-tools-for-stm32.13.3.rel1.win32_1.0.0.202411081344/tools/bin/../lib/gcc/arm-none-eabi/13.3.1/../../../../arm-none-eabi/lib/thumb/v7-m/nofp\libc_nano.a(libc_a-init.o)

.debug_line_str
                0x00000000       0x79
 .debug_line_str
                0x00000000       0x79 ./Core/Startup/startup_stm32f103c8tx.o
